Cell 7 (flat_bm25): 101 examples; output -> results/flat_bm25_500/shard0/results.jsonl
  [1/101] OK 66ead7bd5a08c7b9b35dca7a pred='D' gold='D' (41.0s)
  [2/101] OK 66eae4de5a08c7b9b35dd12d pred='C' gold='C' (23.0s)
  [3/101] x  66eb873c5a08c7b9b35dd849 pred='D' gold='B' (103.1s)
  [4/101] x  66ebb0e55a08c7b9b35ddd6a pred='B' gold='D' (104.3s)
  [5/101] OK 66ebbe4f5a08c7b9b35de533 pred='C' gold='C' (112.0s)
  [6/101] x  66ebc04a5a08c7b9b35de740 pred='C' gold='B' (49.1s)
  [7/101] OK 66ebc0c95a08c7b9b35de7f3 pred='C' gold='C' (30.6s)
  [8/101] x  66ebc3165a08c7b9b35deb38 pred='C' gold='A' (37.6s)
  [9/101] x  66ebc4af5a08c7b9b35dede0 pred='B' gold='A' (57.6s)
  [10/101] OK 66ebc7445a08c7b9b35df155 pred='D' gold='D' (43.3s)
  [11/101] OK 66ebc95f5a08c7b9b35df497 pred='B' gold='B' (30.6s)
  [12/101] x  66ebca1e5a08c7b9b35df5e8 pred='D' gold='A' (105.9s)
  [13/101] x  66ebcc1e5a08c7b9b35df87d pred='B' gold='C' (30.4s)
  [14/101] OK 66ebcc335a08c7b9b35df8b6 pred='D' gold='D' (65.0s)
  [15/101] OK 66ebce825a08c7b9b35dfc75 pred='C' gold='C' (74.6s)
  [16/101] x  66ebd0825a08c7b9b35dfe9d pred='B' gold='D' (80.9s)
  [17/101] x  66ebd0ea5a08c7b9b35dff57 pred='B' gold='D' (102.1s)
  [18/101] OK 66ebd22e5a08c7b9b35e0126 pred='B' gold='B' (35.3s)
  [19/101] x  66ebd2475a08c7b9b35e0155 pred='A' gold='D' (32.7s)
  [20/101] OK 66ebd2975a08c7b9b35e01e3 pred='C' gold='C' (40.6s)
  [21/101] OK 66ebd3075a08c7b9b35e02bd pred='B' gold='B' (73.8s)
  [22/101] OK 66ebd34d5a08c7b9b35e035d pred='C' gold='C' (30.1s)
  [23/101] x  66ebd3ba5a08c7b9b35e0446 pred='C' gold='A' (58.0s)
  [24/101] x  66ebd49a5a08c7b9b35e0550 pred='D' gold='B' (112.4s)
  [25/101] OK 66ebd5125a08c7b9b35e0616 pred='C' gold='C' (31.4s)
  [26/101] x  66ebd55f5a08c7b9b35e0698 pred='C' gold='A' (114.4s)
  [27/101] x  66ebd5675a08c7b9b35e06bf pred='C' gold='B' (109.6s)
  [28/101] x  66ebd92d5a08c7b9b35e0bf0 pred='C' gold='B' (73.1s)
  [29/101] x  66ebd9895a08c7b9b35e0c7c pred='A' gold='C' (49.1s)
  [30/101] OK 66ebda775a08c7b9b35e0dcb pred='C' gold='C' (25.3s)
  [31/101] OK 66ebdadd5a08c7b9b35e0e5b pred='B' gold='B' (111.3s)
  [32/101] x  66ebdd1c5a08c7b9b35e113b pred='C' gold='D' (59.8s)
  [33/101] OK 66ebde0f5a08c7b9b35e1256 pred='D' gold='D' (70.2s)
  [34/101] x  66ebdfb65a08c7b9b35e140a pred='D' gold='C' (73.3s)
  [35/101] x  66ebe0fb5a08c7b9b35e14f5 pred='B' gold='C' (49.2s)
  [36/101] x  66ebe30a5a08c7b9b35e1693 pred='D' gold='C' (50.8s)
  [37/101] x  66ebe68d5a08c7b9b35e190b pred='A' gold='C' (36.2s)
  [38/101] x  66ebeb5a5a08c7b9b35e1ba5 pred='C' gold='A' (61.0s)
  [39/101] x  66ebed525a08c7b9b35e1cb4 pred='A' gold='B' (25.7s)
  [40/101] x  66ebee0a5a08c7b9b35e1d05 pred='A' gold='D' (64.1s)
  [41/101] OK 66ebf9bf5a08c7b9b35e1f85 pred='D' gold='D' (65.9s)
  [42/101] x  66ec052a5a08c7b9b35e29c7 pred='D' gold='C' (106.4s)
  [43/101] x  66ec0874821e116aacb194a4 pred='A' gold='B' (43.6s)
  [44/101] OK 66ec088c821e116aacb194d9 pred='D' gold='D' (45.3s)
  [45/101] OK 66ec09ec821e116aacb19620 pred='C' gold='C' (65.7s)
  [46/101] OK 66ec0c4c821e116aacb1994a pred='D' gold='D' (92.9s)
  [47/101] x  66ec0d4b821e116aacb19af8 pred='C' gold='B' (42.5s)
  [48/101] x  66ec0d51821e116aacb19b0f pred='A' gold='D' (35.9s)
  [49/101] OK 66ec0f3c821e116aacb19d70 pred='A' gold='A' (35.6s)
  [50/101] OK 66ec0f7f821e116aacb19dde pred='B' gold='B' (58.8s)
  [51/101] x  66ec1054821e116aacb19f1a pred='C' gold='D' (61.7s)
  [52/101] x  66ec17e4821e116aacb1a6a7 pred='C' gold='D' (43.4s)
  [53/101] x  66ec18a7821e116aacb1a72e pred='A' gold='C' (41.1s)
  [54/101] OK 66ec1aef821e116aacb1aa1a pred='C' gold='C' (73.0s)
  [55/101] x  66ec1db2821e116aacb1ad69 pred='B' gold='C' (24.2s)
  [56/101] OK 66ec1de5821e116aacb1adca pred='D' gold='D' (80.3s)
  [57/101] x  66ec1e3f821e116aacb1ae7d pred='C' gold='D' (93.6s)
  [58/101] x  66ec1eb9821e116aacb1af36 pred='B' gold='C' (37.0s)
  [59/101] x  66ec21e6821e116aacb1b2d2 pred='B' gold='A' (66.1s)
  [60/101] x  66ec2374821e116aacb1b423 pred='D' gold='B' (108.7s)
  [61/101] OK 66ec25a5821e116aacb1b5d1 pred='C' gold='C' (31.0s)
  [62/101] x  66ec2755821e116aacb1b6f2 pred='D' gold='B' (108.7s)
  [63/101] x  66ec2df6821e116aacb1bb7b pred='B' gold='C' (33.9s)
  [64/101] x  66ec2e2a821e116aacb1bb9f pred='A' gold='D' (37.8s)
  [65/101] x  66ec2fde821e116aacb1bd18 pred='C' gold='D' (80.9s)
  [66/101] x  66ec31eb821e116aacb1bf28 pred='D' gold='B' (57.2s)
  [67/101] x  66ec332a821e116aacb1c042 pred='C' gold='B' (120.9s)
  [68/101] x  66ec3352821e116aacb1c085 pred='C' gold='B' (45.8s)
  [69/101] x  66ec356a821e116aacb1c22b pred='A' gold='C' (34.9s)
  [70/101] OK 66ec3644821e116aacb1c312 pred='D' gold='D' (54.7s)
  [71/101] OK 66ec3a46821e116aacb1c49f pred='A' gold='A' (77.0s)
  [72/101] OK 66ec3aff821e116aacb1c52e pred='D' gold='D' (110.3s)
  [73/101] OK 66ec3d1d821e116aacb1c622 pred='B' gold='B' (110.1s)
  [74/101] x  66ec3fa7821e116aacb1c75d pred='D' gold='B' (75.0s)
  [75/101] OK 66ec41d3821e116aacb1c874 pred='D' gold='D' (35.8s)
  [76/101] x  66ec4370821e116aacb1c905 pred='D' gold='A' (94.0s)
  [77/101] OK 66ec48f2821e116aacb1ca3f pred='D' gold='D' (50.4s)
  [78/101] x  66ec4e43821e116aacb1cb54 pred='D' gold='A' (48.8s)
  [79/101] x  66ec542b821e116aacb1cc87 pred='A' gold='D' (35.0s)
  [80/101] OK 66ec56dd821e116aacb1cd0e pred='C' gold='C' (47.8s)
  [81/101] OK 66ec5af0821e116aacb1ce41 pred='C' gold='C' (102.0s)
  [82/101] x  66ec5e39821e116aacb1cee1 pred='D' gold='C' (84.8s)
  [83/101] x  66ec6582821e116aacb1cf7a pred='A' gold='B' (27.5s)
  [84/101] OK 66ec7ba6821e116aacb1d114 pred='C' gold='C' (78.1s)
  [85/101] OK 66ece28e821e116aacb1db1f pred='D' gold='D' (29.2s)
  [86/101] x  66ece358821e116aacb1dc08 pred='D' gold='C' (60.0s)
  [87/101] OK 66ece545821e116aacb1dd77 pred='A' gold='A' (119.6s)
  [88/101] OK 66ece958821e116aacb1df04 pred='B' gold='B' (47.8s)
  [89/101] x  66ecf139821e116aacb1e0e1 pred='D' gold='C' (28.1s)
  [90/101] x  66ecfdbd821e116aacb1e3f7 pred='A' gold='C' (94.2s)
  [91/101] x  66ecfe1e821e116aacb1e41c pred='D' gold='C' (26.1s)
  [92/101] x  66ed0cb0821e116aacb1e6c1 pred='B' gold='A' (57.1s)
  [93/101] x  66ed1556821e116aacb1ea14 pred='C' gold='A' (95.3s)
  [94/101] OK 66ed168b821e116aacb1ea8c pred='C' gold='C' (36.4s)
  [95/101] OK 66ed1734821e116aacb1ead5 pred='A' gold='A' (59.8s)
  [96/101] x  66ed211f821e116aacb1ee0d pred='B' gold='C' (39.8s)
  [97/101] x  66ed23ce821e116aacb1ee84 pred='D' gold='A' (117.1s)
  [98/101] x  66ed24c5821e116aacb1eee6 pred='C' gold='B' (54.7s)
  [99/101] OK 66ed2c87821e116aacb1f149 pred='A' gold='A' (110.3s)
  [100/101] OK 66ed3148821e116aacb1f2ce pred='B' gold='B' (28.9s)
  [101/101] OK 66ed364d821e116aacb1f47e pred='D' gold='D' (33.0s)
Cell 7 (flat_bm25): 42/101 correct (41.6%) -> results/flat_bm25_500/shard0/results.jsonl
