Cell 7 (flat_bm25): 101 examples; output -> results/flat_bm25_500/shard1/results.jsonl
  [1/101] OK 66ed36ca821e116aacb1f505 pred='C' gold='C' (25.3s)
  [2/101] x  66ed3960821e116aacb1f616 pred='B' gold='C' (30.1s)
  [3/101] OK 66ed3ae5821e116aacb1f729 pred='C' gold='C' (28.3s)
  [4/101] OK 66ed3e90821e116aacb1f82f pred='C' gold='C' (54.7s)
  [5/101] OK 66ed4274821e116aacb1f8f1 pred='D' gold='D' (62.9s)
  [6/101] x  66ed5be2821e116aacb1fb57 pred='C' gold='D' (56.1s)
  [7/101] x  66ed875e821e116aacb2023e pred='C' gold='A' (26.6s)
  [8/101] x  66ed910a821e116aacb2033b pred='B' gold='A' (33.7s)
  [9/101] x  66ee3c6d821e116aacb20f6f pred='A' gold='B' (41.4s)
  [10/101] x  66ee3c7b821e116aacb20f80 pred='D' gold='B' (93.4s)
  [11/101] x  66ee4287821e116aacb21258 pred='D' gold='B' (52.5s)
  [12/101] x  66ee490e821e116aacb2149c pred='D' gold='C' (84.1s)
  [13/101] x  66ee496a821e116aacb214d5 pred='D' gold='B' (68.4s)
  [14/101] OK 66ee4c55821e116aacb21596 pred='D' gold='D' (33.7s)
  [15/101] x  66ee8bab821e116aacb21e44 pred='D' gold='B' (91.5s)
  [16/101] x  66ee981d821e116aacb22005 pred='B' gold='C' (89.6s)
  [17/101] x  66eecc45821e116aacb225c3 pred='D' gold='C' (69.2s)
  [18/101] x  66eefa2f821e116aacb2284f pred='D' gold='A' (96.4s)
  [19/101] x  66eefe85821e116aacb228dc pred='B' gold='A' (72.6s)
  [20/101] x  66ef1a4d821e116aacb229d5 pred='B' gold='C' (73.0s)
  [21/101] x  66ef8aa3821e116aacb22db5 pred='C' gold='B' (88.3s)
  [22/101] x  66efa466821e116aacb23219 pred='D' gold='C' (98.7s)
  [23/101] x  66efa5ea821e116aacb23268 pred='C' gold='D' (79.0s)
  [24/101] x  66efaf70821e116aacb234bd pred='C' gold='D' (28.3s)
  [25/101] OK 66efc5e3821e116aacb23df1 pred='D' gold='D' (61.1s)
  [26/101] x  66efd10f821e116aacb2437c pred='C' gold='D' (49.5s)
  [27/101] OK 66f00f1a821e116aacb252cf pred='B' gold='B' (34.1s)
  [28/101] x  66f016e6821e116aacb25497 pred='C' gold='D' (45.4s)
  [29/101] x  66f0ed5a821e116aacb265ab pred='D' gold='C' (87.6s)
  [30/101] OK 66f10d67821e116aacb268d0 pred='B' gold='B' (69.8s)
  [31/101] x  66f11349821e116aacb269e0 pred='C' gold='A' (51.9s)
  [32/101] x  66f118e1821e116aacb26b79 pred='C' gold='A' (98.9s)
  [33/101] x  66f120a9821e116aacb26d02 pred='C' gold='A' (70.3s)
  [34/101] OK 66f14c70821e116aacb271ee pred='C' gold='C' (52.8s)
  [35/101] x  66f167c3821e116aacb274f4 pred='B' gold='C' (47.1s)
  [36/101] OK 66f168d8821e116aacb27519 pred='C' gold='C' (25.9s)
  [37/101] x  66f17aab821e116aacb2772d pred='C' gold='D' (72.2s)
  [38/101] x  66f19f04821e116aacb27bab pred='D' gold='A' (55.1s)
  [39/101] OK 66f1ae08821e116aacb27c9c pred='B' gold='B' (78.4s)
  [40/101] OK 66f1cd02821e116aacb27d3f pred='B' gold='B' (22.1s)
  [41/101] OK 66f1dac1821e116aacb27df1 pred='A' gold='A' (29.9s)
  [42/101] x  66f24538821e116aacb2865e pred='B' gold='D' (43.7s)
  [43/101] x  66f245cc821e116aacb28698 pred='D' gold='C' (27.2s)
  [44/101] x  66f25a2f821e116aacb28b2f pred='C' gold='D' (31.7s)
  [45/101] OK 66f2616e821e116aacb28e0c pred='C' gold='C' (48.7s)
  [46/101] x  66f26c5f821e116aacb2907c pred='C' gold='A' (32.2s)
  [47/101] x  66f284ff821e116aacb29763 pred='A' gold='C' (87.2s)
  [48/101] x  66f28794821e116aacb298ee pred='B' gold='A' (38.8s)
  [49/101] OK 66f28ede821e116aacb29a27 pred='B' gold='B' (53.3s)
  [50/101] x  66f2982b821e116aacb29c66 pred='D' gold='A' (52.5s)
  [51/101] x  66f299b3821e116aacb29cfa pred='A' gold='B' (39.6s)
  [52/101] OK 66f2a14b821e116aacb2a128 pred='C' gold='C' (68.6s)
  [53/101] x  66f2a255821e116aacb2a20b pred='A' gold='D' (86.6s)
  [54/101] x  66f2a414821e116aacb2a3af pred='C' gold='B' (61.9s)
  [55/101] x  66f2a46d821e116aacb2a41a pred='C' gold='B' (93.3s)
  [56/101] OK 66f2a4e3821e116aacb2a49b pred='B' gold='B' (112.1s)
  [57/101] x  66f2a557821e116aacb2a510 pred='B' gold='C' (26.8s)
  [58/101] EXC 66f2a59d821e116aacb2a553: Error code: 400 - {'error': {'message': "This model's maximum context length is 40960 tokens. However, you requested 2048 output tokens and your prompt contains at least 38913 input tokens, for a tota
  [58/101] x  66f2a59d821e116aacb2a553 pred='' gold='A' (0.2s)
  [59/101] OK 66f2a7a9821e116aacb2a721 pred='A' gold='A' (35.7s)
  [60/101] x  66f2a80d821e116aacb2a760 pred='B' gold='A' (44.6s)
  [61/101] x  66f2a98a821e116aacb2a8bf pred='C' gold='B' (68.9s)
  [62/101] x  66f2aac2821e116aacb2a9de pred='C' gold='B' (16.8s)
  [63/101] OK 66f2abc5821e116aacb2aab7 pred='C' gold='C' (124.1s)
  [64/101] x  66f2ad2b821e116aacb2ac0f pred='C' gold='A' (93.7s)
  [65/101] x  66f2ad89821e116aacb2ac92 pred='B' gold='D' (47.6s)
  [66/101] x  66f2adaf821e116aacb2aca9 pred='C' gold='B' (66.6s)
  [67/101] x  66f2b11c821e116aacb2aeb6 pred='C' gold='A' (48.0s)
  [68/101] OK 66f2b546821e116aacb2b152 pred='C' gold='C' (91.8s)
  [69/101] x  66f2b5ec821e116aacb2b1ec pred='A' gold='C' (107.6s)
  [70/101] OK 66f2b676821e116aacb2b27a pred='B' gold='B' (77.1s)
  [71/101] OK 66f2c44e821e116aacb2b826 pred='C' gold='C' (90.4s)
  [72/101] OK 66f2cacb821e116aacb2ba50 pred='C' gold='C' (67.5s)
  [73/101] OK 66f2cb0f821e116aacb2ba6d pred='A' gold='A' (54.1s)
  [74/101] x  66f2d224821e116aacb2bb8a pred='B' gold='C' (19.0s)
  [75/101] x  66f2d553821e116aacb2bc8f pred='B' gold='D' (44.2s)
  [76/101] x  66f2e0bc821e116aacb2bf37 pred='B' gold='D' (87.6s)
  [77/101] x  66f2e874821e116aacb2c0af pred='B' gold='C' (78.8s)
  [78/101] x  66f2ef20821e116aacb2c278 pred='D' gold='C' (39.6s)
  [79/101] x  66f36490821e116aacb2cc22 pred='A' gold='D' (32.7s)
  [80/101] x  66f37635821e116aacb2d017 pred='C' gold='D' (51.9s)
  [81/101] x  66f379e8821e116aacb2d161 pred='B' gold='D' (67.8s)
  [82/101] OK 66f37eb9821e116aacb2d295 pred='B' gold='B' (87.2s)
  [83/101] x  66f38969821e116aacb2d6ec pred='B' gold='D' (38.1s)
  [84/101] x  66f3918f821e116aacb2d8b7 pred='C' gold='D' (37.0s)
  [85/101] x  66f39aa7821e116aacb2da76 pred='D' gold='B' (25.1s)
  [86/101] x  66f39ac5821e116aacb2da81 pred='D' gold='B' (36.1s)
  [87/101] OK 66f3a311821e116aacb2de19 pred='B' gold='B' (94.5s)
  [88/101] OK 66f3abe6821e116aacb2e1d2 pred='C' gold='C' (88.4s)
  [89/101] EXC 66f3ac0b821e116aacb2e203: Error code: 400 - {'error': {'message': "This model's maximum context length is 40960 tokens. However, you requested 2048 output tokens and your prompt contains at least 38913 input tokens, for a tota
  [89/101] x  66f3ac0b821e116aacb2e203 pred='' gold='D' (0.3s)
  [90/101] OK 66f3ad93821e116aacb2e29f pred='C' gold='C' (106.9s)
  [91/101] x  66f3b843821e116aacb2e692 pred='A' gold='C' (43.5s)
  [92/101] OK 66f3c081821e116aacb2e9fa pred='D' gold='D' (17.8s)
  [93/101] OK 66f3c1ab821e116aacb2ead1 pred='D' gold='D' (93.4s)
  [94/101] x  66f3c1c3821e116aacb2eaf6 pred='B' gold='A' (27.8s)
  [95/101] x  66f3c219821e116aacb2eb4e pred='D' gold='C' (37.2s)
  [96/101] x  66f3c5f2821e116aacb2eccf pred='D' gold='A' (46.5s)
  [97/101] x  66f3c806821e116aacb2ed77 pred='A' gold='C' (66.3s)
  [98/101] x  66f3cb88821e116aacb2eeb9 pred='B' gold='D' (63.4s)
  [99/101] x  66f3cca6821e116aacb2ef7c pred='A' gold='B' (33.9s)
  [100/101] OK 66f3cfa5821e116aacb2f096 pred='D' gold='D' (33.1s)
  [101/101] x  66f3d10b821e116aacb2f14f pred='A' gold='D' (87.8s)
Cell 7 (flat_bm25): 31/101 correct (30.7%) -> results/flat_bm25_500/shard1/results.jsonl
