Cell 7 (flat_bm25): 99 examples; output -> results/flat_bm25_500/shard4/results.jsonl
  [1/99] x  670fbbd0bb02136c067d2d04 pred='B' gold='D' (29.8s)
  [2/99] x  670fbd96bb02136c067d2d49 pred='B' gold='A' (23.8s)
  [3/99] x  670fbf5abb02136c067d2d9c pred='B' gold='A' (15.3s)
  [4/99] x  670fbfa4bb02136c067d2dcb pred='B' gold='A' (24.1s)
  [5/99] OK 6713066fbb02136c067d3214 pred='D' gold='D' (87.4s)
  [6/99] x  67189156bb02136c067d3b8d pred='D' gold='B' (21.8s)
  [7/99] OK 6718a43fbb02136c067d3ca8 pred='B' gold='B' (23.7s)
  [8/99] OK 6719167dbb02136c067d4025 pred='A' gold='A' (44.2s)
  [9/99] OK 67191791bb02136c067d406c pred='C' gold='C' (19.7s)
  [10/99] OK 6719185cbb02136c067d40ab pred='B' gold='B' (10.1s)
  [11/99] OK 67192057bb02136c067d41b4 pred='C' gold='C' (9.4s)
  [12/99] x  67192e81bb02136c067d427f pred='C' gold='A' (45.1s)
  [13/99] x  6719b96abb02136c067d4358 pred='D' gold='B' (85.0s)
  [14/99] x  6719b9f1bb02136c067d4389 pred='D' gold='A' (74.8s)
  [15/99] x  6719bc01bb02136c067d43fa pred='A' gold='D' (69.4s)
  [16/99] x  6719bce5bb02136c067d4447 pred='B' gold='C' (58.0s)
  [17/99] x  6719c1febb02136c067d44db pred='A' gold='D' (13.1s)
  [18/99] x  6719d65ebb02136c067d45dc pred='B' gold='C' (9.3s)
  [19/99] OK 6719dc46bb02136c067d470b pred='B' gold='B' (15.4s)
  [20/99] x  6719ef50bb02136c067d4911 pred='A' gold='C' (46.2s)
  [21/99] x  671a4444bb02136c067d4a40 pred='C' gold='B' (24.4s)
  [22/99] x  671b080abb02136c067d4dde pred='D' gold='B' (85.6s)
  [23/99] x  671b08c8bb02136c067d4e19 pred='D' gold='C' (87.4s)
  [24/99] x  671b1335bb02136c067d4e88 pred='D' gold='C' (87.7s)
  [25/99] x  671b13f5bb02136c067d4ee3 pred='A' gold='B' (81.6s)
  [26/99] x  671b1480bb02136c067d4f14 pred='D' gold='A' (88.0s)
  [27/99] x  671b170cbb02136c067d4f4a pred='A' gold='C' (89.8s)
  [28/99] OK 671b17d5bb02136c067d4f7d pred='D' gold='D' (99.1s)
  [29/99] OK 671b2822bb02136c067d5020 pred='D' gold='D' (75.3s)
  [30/99] OK 671b2b57bb02136c067d508b pred='D' gold='D' (99.2s)
  [31/99] x  671b2c05bb02136c067d50c8 pred='B' gold='A' (91.2s)
  [32/99] OK 671b2c67bb02136c067d50f7 pred='D' gold='D' (98.8s)
  [33/99] OK 671b2e2dbb02136c067d515b pred='C' gold='C' (32.5s)
  [34/99] x  671b3cabbb02136c067d5252 pred='A' gold='B' (69.0s)
  [35/99] x  671b3d1bbb02136c067d5283 pred='D' gold='C' (86.3s)
  [36/99] x  671b3d9fbb02136c067d52b2 pred='B' gold='D' (77.3s)
  [37/99] x  671b3e0cbb02136c067d52e5 pred='A' gold='D' (63.0s)
  [38/99] x  671b3fa1bb02136c067d5353 pred='A' gold='C' (58.5s)
  [39/99] x  671b530dbb02136c067d5454 pred='B' gold='D' (10.7s)
  [40/99] x  671b56cfbb02136c067d54e9 pred='B' gold='D' (74.2s)
  [41/99] OK 671b58e8bb02136c067d5525 pred='B' gold='B' (38.1s)
  [42/99] OK 671b5d49bb02136c067d55fb pred='C' gold='C' (34.4s)
  [43/99] OK 671b99e5bb02136c067d583d pred='C' gold='C' (23.4s)
  [44/99] OK 67237d8ebb02136c067d6c06 pred='C' gold='C' (21.1s)
  [45/99] x  67239f49bb02136c067d6fc0 pred='D' gold='A' (72.9s)
  [46/99] OK 67239fd9bb02136c067d6ff7 pred='A' gold='A' (74.9s)
  [47/99] x  6723a0a7bb02136c067d7040 pred='C' gold='A' (78.3s)
  [48/99] OK 6723a1ccbb02136c067d70b3 pred='D' gold='D' (51.9s)
  [49/99] OK 6723a63bbb02136c067d71a1 pred='D' gold='D' (76.7s)
  [50/99] x  6723a770bb02136c067d7233 pred='C' gold='D' (72.1s)
  [51/99] OK 6724631ebb02136c067d7300 pred='D' gold='D' (73.0s)
  [52/99] OK 67246413bb02136c067d7374 pred='C' gold='C' (78.3s)
  [53/99] OK 6724645dbb02136c067d73ad pred='A' gold='A' (45.4s)
  [54/99] x  672464aebb02136c067d73e6 pred='A' gold='D' (79.7s)
  [55/99] x  67246500bb02136c067d7423 pred='D' gold='C' (72.3s)
  [56/99] x  672468b1bb02136c067d74bd pred='A' gold='B' (69.6s)
  [57/99] x  67246903bb02136c067d74f2 pred='D' gold='A' (75.6s)
  [58/99] x  6724694fbb02136c067d752b pred='D' gold='C' (75.5s)
  [59/99] x  6724699dbb02136c067d7564 pred='D' gold='C' (76.8s)
  [60/99] OK 67246a00bb02136c067d759f pred='B' gold='B' (74.7s)
  [61/99] OK 67246d0ebb02136c067d75f0 pred='D' gold='D' (40.1s)
  [62/99] OK 6724938fbb02136c067d7657 pred='A' gold='A' (27.3s)
  [63/99] x  672494e5bb02136c067d7697 pred='A' gold='C' (89.9s)
  [64/99] x  67249705bb02136c067d76d1 pred='B' gold='D' (65.5s)
  [65/99] OK 6724c1d4bb02136c067d77ec pred='A' gold='A' (87.7s)
  [66/99] x  6724c4aabb02136c067d78a6 pred='C' gold='B' (88.8s)
  [67/99] OK 6724c5febb02136c067d78e7 pred='A' gold='A' (29.9s)
  [68/99] x  6724c788bb02136c067d792d pred='C' gold='B' (88.1s)
  [69/99] OK 6724c83fbb02136c067d7962 pred='D' gold='D' (88.3s)
  [70/99] x  6724cae7bb02136c067d79be pred='D' gold='B' (37.1s)
  [71/99] OK 6725d7a9bb02136c067d822d pred='A' gold='A' (40.9s)
  [72/99] OK 6725d898bb02136c067d82d6 pred='B' gold='B' (26.5s)
  [73/99] OK 6725d8dbbb02136c067d8309 pred='C' gold='C' (24.6s)
  [74/99] x  6725d92bbb02136c067d833c pred='C' gold='D' (56.9s)
  [75/99] OK 6725d977bb02136c067d8373 pred='A' gold='A' (39.7s)
  [76/99] x  6725da56bb02136c067d841b pred='B' gold='D' (79.2s)
  [77/99] x  6725dabfbb02136c067d8450 pred='D' gold='C' (26.9s)
  [78/99] OK 6725db01bb02136c067d847f pred='A' gold='A' (13.1s)
  [79/99] x  6725db46bb02136c067d84b4 pred='D' gold='C' (48.5s)
  [80/99] x  6725db8bbb02136c067d84eb pred='A' gold='B' (19.7s)
  [81/99] OK 6725dbd1bb02136c067d8522 pred='D' gold='D' (27.6s)
  [82/99] x  6725dc28bb02136c067d8555 pred='B' gold='D' (49.2s)
  [83/99] x  6725dc6abb02136c067d8586 pred='D' gold='C' (41.8s)
  [84/99] x  6725dcb2bb02136c067d85b7 pred='C' gold='A' (33.2s)
  [85/99] x  6725dd39bb02136c067d861b pred='A' gold='B' (31.4s)
  [86/99] x  6725dda1bb02136c067d8654 pred='B' gold='C' (46.0s)
  [87/99] x  6725e2febb02136c067d8717 pred='B' gold='D' (78.8s)
  [88/99] x  6725e351bb02136c067d8758 pred='D' gold='B' (74.1s)
  [89/99] OK 6728586bbb02136c067d8f4f pred='C' gold='C' (26.1s)
  [90/99] OK 67285e1dbb02136c067d901b pred='A' gold='A' (70.5s)
  [91/99] x  67285f8ebb02136c067d905d pred='B' gold='C' (59.4s)
  [92/99] x  67286036bb02136c067d9092 pred='A' gold='D' (88.8s)
  [93/99] OK 672861afbb02136c067d90d8 pred='C' gold='C' (53.9s)
  [94/99] OK 672864b4bb02136c067d916c pred='D' gold='D' (29.4s)
  [95/99] x  67286533bb02136c067d919f pred='B' gold='D' (28.3s)
  [96/99] x  67286634bb02136c067d91f0 pred='B' gold='D' (18.4s)
  [97/99] x  67286698bb02136c067d9223 pred='B' gold='C' (79.4s)
  [98/99] x  67286795bb02136c067d92ab pred='D' gold='C' (47.1s)
  [99/99] OK 67286ab8bb02136c067d92e4 pred='C' gold='C' (75.4s)
Cell 7 (flat_bm25): 39/99 correct (39.4%) -> results/flat_bm25_500/shard4/results.jsonl
