Cell 7 (flat_bm25): 101 examples; output -> results/flat_bm25_500/shard2/results.jsonl
  [1/101] x  66f3d2fc821e116aacb2f269 pred='D' gold='B' (29.2s)
  [2/101] x  66f3d738821e116aacb2f446 pred='C' gold='D' (51.0s)
  [3/101] x  66f3dd59821e116aacb2f6ba pred='B' gold='C' (23.2s)
  [4/101] OK 66f3de02821e116aacb2f73b pred='D' gold='D' (83.5s)
  [5/101] OK 66f3df1e821e116aacb2f7be pred='A' gold='A' (40.6s)
  [6/101] OK 66f3e318821e116aacb2f9d1 pred='B' gold='B' (39.4s)
  [7/101] x  66f3e473821e116aacb2fa73 pred='C' gold='B' (55.7s)
  [8/101] OK 66f3e58c821e116aacb2fabc pred='B' gold='B' (91.6s)
  [9/101] x  66f3e604821e116aacb2fadf pred='B' gold='D' (17.1s)
  [10/101] x  66f3edfb821e116aacb2fc91 pred='B' gold='C' (88.0s)
  [11/101] OK 66f3f095821e116aacb2fd28 pred='C' gold='C' (43.0s)
  [12/101] x  66f3f1a5821e116aacb2fdc7 pred='A' gold='D' (48.3s)
  [13/101] OK 66f3f46f821e116aacb2ff5d pred='B' gold='B' (38.2s)
  [14/101] x  66f3f947821e116aacb3029b pred='D' gold='B' (78.1s)
  [15/101] x  66f3fb15821e116aacb303dc pred='B' gold='D' (93.5s)
  [16/101] x  66f3fb96821e116aacb3043f pred='C' gold='A' (39.0s)
  [17/101] x  66f3fd3a821e116aacb30533 pred='D' gold='B' (74.9s)
  [18/101] OK 66f40501821e116aacb307e8 pred='B' gold='B' (37.6s)
  [19/101] x  66f40b9c821e116aacb30a99 pred='D' gold='C' (81.0s)
  [20/101] OK 66f40c5e821e116aacb30ad2 pred='A' gold='A' (60.2s)
  [21/101] OK 66f40e44821e116aacb30b45 pred='C' gold='C' (94.6s)
  [22/101] OK 66f41108821e116aacb30c41 pred='D' gold='D' (39.7s)
  [23/101] x  66f41348821e116aacb30c89 pred='A' gold='D' (61.3s)
  [24/101] OK 66f41e45821e116aacb30ec3 pred='C' gold='C' (81.4s)
  [25/101] x  66f43414821e116aacb310a1 pred='A' gold='D' (25.6s)
  [26/101] OK 66f4cd2c821e116aacb316ef pred='D' gold='D' (22.0s)
  [27/101] x  66f4ce9e821e116aacb31731 pred='A' gold='B' (21.1s)
  [28/101] OK 66f4eff3821e116aacb31bc8 pred='A' gold='A' (69.5s)
  [29/101] OK 66f4f87b821e116aacb31d62 pred='A' gold='A' (88.2s)
  [30/101] x  66f50109821e116aacb31f16 pred='C' gold='B' (49.7s)
  [31/101] OK 66f519a6821e116aacb32579 pred='D' gold='D' (98.4s)
  [32/101] x  66f51ab2821e116aacb325fb pred='B' gold='C' (98.5s)
  [33/101] OK 66f52567821e116aacb329bc pred='C' gold='C' (25.6s)
  [34/101] x  66f52926821e116aacb32b5e pred='D' gold='C' (24.0s)
  [35/101] x  66f52c6d821e116aacb32cb0 pred='C' gold='A' (24.7s)
  [36/101] x  66f52d48821e116aacb32cf4 pred='C' gold='A' (26.7s)
  [37/101] x  66f52f0f821e116aacb32ddb pred='D' gold='A' (103.2s)
  [38/101] x  66f530ce821e116aacb32f09 pred='A' gold='C' (64.0s)
  [39/101] x  66f535c5821e116aacb33168 pred='C' gold='B' (39.1s)
  [40/101] OK 66f53892821e116aacb33225 pred='B' gold='B' (20.1s)
  [41/101] OK 66f53ab2821e116aacb33299 pred='A' gold='A' (48.6s)
  [42/101] x  66f53b9b821e116aacb332fc pred='B' gold='A' (62.5s)
  [43/101] OK 66f53f2b821e116aacb3335a pred='C' gold='C' (23.7s)
  [44/101] OK 66f55729821e116aacb3358b pred='C' gold='C' (92.7s)
  [45/101] x  66f55828821e116aacb3363e pred='C' gold='D' (35.8s)
  [46/101] OK 66f55d66821e116aacb33734 pred='D' gold='D' (24.0s)
  [47/101] x  66f55ddb821e116aacb33761 pred='C' gold='D' (101.2s)
  [48/101] OK 66f5605a821e116aacb3381f pred='D' gold='D' (38.4s)
  [49/101] x  66f56630821e116aacb3392b pred='B' gold='D' (75.5s)
  [50/101] x  66f568dc821e116aacb33995 pred='D' gold='B' (32.4s)
  [51/101] OK 66f56c9c821e116aacb33a45 pred='C' gold='C' (36.8s)
  [52/101] x  66f57379821e116aacb33b7a pred='C' gold='D' (101.3s)
  [53/101] OK 66f578fa821e116aacb33c58 pred='D' gold='D' (36.4s)
  [54/101] OK 66f58d6c821e116aacb33e76 pred='C' gold='C' (61.8s)
  [55/101] x  66f590fa821e116aacb33f35 pred='D' gold='C' (71.1s)
  [56/101] x  66f599ef821e116aacb34099 pred='D' gold='B' (71.5s)
  [57/101] OK 66f59d31821e116aacb340f6 pred='D' gold='D' (39.7s)
  [58/101] x  66f618f1bb02136c067c16f9 pred='B' gold='D' (33.0s)
  [59/101] OK 66f61d7dbb02136c067c1802 pred='D' gold='D' (99.8s)
  [60/101] OK 66f659a8bb02136c067c1d68 pred='A' gold='A' (80.8s)
  [61/101] x  66f67c18bb02136c067c21b8 pred='A' gold='C' (75.6s)
  [62/101] OK 66f67c1bbb02136c067c21b9 pred='D' gold='D' (54.2s)
  [63/101] x  66f68b33bb02136c067c2303 pred='B' gold='D' (92.0s)
  [64/101] x  66f6909bbb02136c067c2380 pred='C' gold='B' (95.7s)
  [65/101] x  66f6a14dbb02136c067c2453 pred='A' gold='D' (46.6s)
  [66/101] x  66f6b623bb02136c067c2646 pred='C' gold='A' (94.5s)
  [67/101] OK 66f6bcf3bb02136c067c2703 pred='A' gold='A' (24.2s)
  [68/101] x  66f78ecfbb02136c067c2f12 pred='C' gold='B' (34.7s)
  [69/101] OK 66f793f4bb02136c067c306e pred='C' gold='C' (55.1s)
  [70/101] x  66f7a96cbb02136c067c3255 pred='B' gold='A' (93.6s)
  [71/101] x  66f7aa19bb02136c067c327e pred='D' gold='C' (26.6s)
  [72/101] x  66f7c780bb02136c067c35e8 pred='D' gold='C' (94.8s)
  [73/101] EXC 66f7f382bb02136c067c3a6c: Error code: 400 - {'error': {'message': "This model's maximum context length is 40960 tokens. However, you requested 2048 output tokens and your prompt contains at least 38913 input tokens, for a tota
  [73/101] x  66f7f382bb02136c067c3a6c pred='' gold='C' (0.4s)
  [74/101] EXC 66f7f963bb02136c067c3be1: Error code: 400 - {'error': {'message': "This model's maximum context length is 40960 tokens. However, you requested 2048 output tokens and your prompt contains at least 38913 input tokens, for a tota
  [74/101] x  66f7f963bb02136c067c3be1 pred='' gold='C' (0.1s)
  [75/101] x  66f8c6b4bb02136c067c4480 pred='B' gold='C' (94.5s)
  [76/101] OK 66f8c783bb02136c067c44b8 pred='B' gold='B' (40.2s)
  [77/101] x  66f8c9febb02136c067c4511 pred='A' gold='C' (55.1s)
  [78/101] x  66f8d4b3bb02136c067c45c2 pred='D' gold='B' (47.5s)
  [79/101] x  66f8d84cbb02136c067c465f pred='B' gold='C' (82.4s)
  [80/101] OK 66f908e3bb02136c067c4992 pred='A' gold='A' (98.8s)
  [81/101] x  66f91f2cbb02136c067c4b1e pred='D' gold='B' (90.2s)
  [82/101] x  66f920d8bb02136c067c4b81 pred='B' gold='C' (46.1s)
  [83/101] x  66f947abbb02136c067c4ea6 pred='D' gold='B' (34.1s)
  [84/101] x  66f94f9ebb02136c067c4fde pred='C' gold='D' (37.0s)
  [85/101] OK 66f950acbb02136c067c5021 pred='A' gold='A' (94.0s)
  [86/101] OK 66f95126bb02136c067c5070 pred='C' gold='C' (36.8s)
  [87/101] x  66f954a5bb02136c067c511a pred='C' gold='B' (30.2s)
  [88/101] x  66f957e2bb02136c067c51c8 pred='A' gold='D' (63.9s)
  [89/101] OK 66f958b3bb02136c067c5219 pred='C' gold='C' (34.0s)
  [90/101] OK 66f95c18bb02136c067c52e1 pred='B' gold='B' (22.3s)
  [91/101] OK 66f95e11bb02136c067c5370 pred='B' gold='B' (122.7s)
  [92/101] x  66f96115bb02136c067c541c pred='B' gold='D' (39.9s)
  [93/101] x  66f9625fbb02136c067c5456 pred='A' gold='B' (92.5s)
  [94/101] x  66f97d7fbb02136c067c56b2 pred='C' gold='A' (36.7s)
  [95/101] x  66f97dc3bb02136c067c56c8 pred='C' gold='B' (37.2s)
  [96/101] x  66fa0d88bb02136c067c5a8a pred='A' gold='C' (65.1s)
  [97/101] OK 66fa190bbb02136c067c5d32 pred='B' gold='B' (55.7s)
  [98/101] OK 66fa1b54bb02136c067c5df7 pred='B' gold='B' (33.5s)
  [99/101] OK 66fa1e4cbb02136c067c5edf pred='A' gold='A' (26.1s)
  [100/101] OK 66fa208bbb02136c067c5fc1 pred='B' gold='B' (24.6s)
  [101/101] OK 66fa2734bb02136c067c627a pred='A' gold='A' (98.8s)
Cell 7 (flat_bm25): 43/101 correct (42.6%) -> results/flat_bm25_500/shard2/results.jsonl
