Cell 7 (flat_bm25): 101 examples; output -> results/flat_bm25_500/shard3/results.jsonl
  [1/101] OK 66fa36c9bb02136c067c6517 pred='C' gold='C' (20.2s)
  [2/101] OK 66fa3843bb02136c067c655d pred='D' gold='D' (69.4s)
  [3/101] OK 66fa415cbb02136c067c671c pred='C' gold='C' (49.2s)
  [4/101] OK 66fa50acbb02136c067c6827 pred='B' gold='B' (53.9s)
  [5/101] OK 66fa542bbb02136c067c686d pred='A' gold='A' (74.7s)
  [6/101] x  66fa5fbcbb02136c067c6959 pred='D' gold='B' (116.7s)
  [7/101] x  66fa6702bb02136c067c6abb pred='D' gold='B' (50.5s)
  [8/101] x  66fa6867bb02136c067c6b3b pred='A' gold='D' (101.9s)
  [9/101] x  66fa69a4bb02136c067c6b75 pred='B' gold='D' (57.9s)
  [10/101] x  66fa700bbb02136c067c6c06 pred='A' gold='C' (35.1s)
  [11/101] x  66fa7269bb02136c067c6c73 pred='C' gold='B' (76.0s)
  [12/101] x  66fa788abb02136c067c6d75 pred='B' gold='D' (50.2s)
  [13/101] OK 66fa7c81bb02136c067c6e09 pred='B' gold='B' (51.1s)
  [14/101] x  66fa7f1dbb02136c067c6e6b pred='C' gold='D' (92.4s)
  [15/101] x  66fa8ccdbb02136c067c6fa7 pred='C' gold='B' (120.0s)
  [16/101] x  66fa9ff6bb02136c067c71e0 pred='B' gold='D' (47.2s)
  [17/101] OK 66faa0f5bb02136c067c722c pred='A' gold='A' (120.6s)
  [18/101] x  66faa8efbb02136c067c7357 pred='D' gold='C' (106.6s)
  [19/101] x  66faac15bb02136c067c73f3 pred='A' gold='C' (61.5s)
  [20/101] x  66faafd9bb02136c067c74a8 pred='A' gold='B' (25.1s)
  [21/101] x  66fab090bb02136c067c74e7 pred='D' gold='B' (119.9s)
  [22/101] OK 66fab4bfbb02136c067c754c pred='C' gold='C' (70.0s)
  [23/101] x  66fad00bbb02136c067c76ce pred='D' gold='C' (89.0s)
  [24/101] x  66fb5f73bb02136c067c7ae7 pred='C' gold='D' (83.8s)
  [25/101] OK 66fb6527bb02136c067c7b4f pred='B' gold='B' (57.6s)
  [26/101] x  66fb6d71bb02136c067c7c34 pred='C' gold='B' (45.8s)
  [27/101] x  66fb75adbb02136c067c7d73 pred='B' gold='C' (63.2s)
  [28/101] OK 66fb77e7bb02136c067c7db1 pred='C' gold='C' (53.7s)
  [29/101] x  66fb8633bb02136c067c800b pred='C' gold='A' (40.6s)
  [30/101] x  66fba2bcbb02136c067c8112 pred='C' gold='D' (100.5s)
  [31/101] OK 66fbab85bb02136c067c81dc pred='C' gold='C' (41.2s)
  [32/101] OK 66fbe00fbb02136c067c84c8 pred='C' gold='C' (42.1s)
  [33/101] OK 66fc0152bb02136c067c8826 pred='A' gold='A' (113.0s)
  [34/101] x  66fc05b6bb02136c067c88e4 pred='C' gold='A' (94.3s)
  [35/101] x  66fcf2f2bb02136c067c9169 pred='C' gold='B' (102.0s)
  [36/101] OK 66fcf36fbb02136c067c919e pred='D' gold='D' (92.9s)
  [37/101] OK 66fcf53fbb02136c067c91e7 pred='A' gold='A' (118.8s)
  [38/101] OK 66fcf725bb02136c067c924a pred='B' gold='B' (42.0s)
  [39/101] OK 66fcf80dbb02136c067c928e pred='B' gold='B' (66.4s)
  [40/101] OK 66fcf8dfbb02136c067c92cc pred='C' gold='C' (47.2s)
  [41/101] OK 66fcfa1cbb02136c067c932e pred='D' gold='D' (91.5s)
  [42/101] OK 66fcfb1cbb02136c067c938b pred='A' gold='A' (60.6s)
  [43/101] x  66fcfb5fbb02136c067c93ae pred='A' gold='D' (42.8s)
  [44/101] OK 66fcfbbcbb02136c067c93d3 pred='B' gold='B' (34.8s)
  [45/101] x  66fcfc9fbb02136c067c9411 pred='A' gold='C' (69.9s)
  [46/101] OK 66fcfd6fbb02136c067c9454 pred='D' gold='D' (61.8s)
  [47/101] OK 66fcffd9bb02136c067c94c5 pred='D' gold='D' (32.6s)
  [48/101] x  66fd4f54bb02136c067c9987 pred='D' gold='B' (31.8s)
  [49/101] x  66fe81dcbb02136c067ca2de pred='A' gold='C' (54.9s)
  [50/101] x  66fe8eb3bb02136c067ca35f pred='B' gold='D' (56.3s)
  [51/101] OK 66fea153bb02136c067ca3e7 pred='D' gold='D' (36.0s)
  [52/101] x  67009bd8bb02136c067caba9 pred='C' gold='B' (65.8s)
  [53/101] OK 6700d19dbb02136c067cb024 pred='C' gold='C' (94.7s)
  [54/101] x  6700eb6ebb02136c067cb152 pred='A' gold='D' (27.1s)
  [55/101] x  6701cda0bb02136c067cb6eb pred='C' gold='A' (20.4s)
  [56/101] x  6703933bbb02136c067ccd78 pred='A' gold='B' (61.0s)
  [57/101] x  670397b5bb02136c067ccec6 pred='C' gold='B' (24.0s)
  [58/101] OK 67039cfabb02136c067cd04e pred='C' gold='C' (81.2s)
  [59/101] OK 6703a0ecbb02136c067cd11b pred='A' gold='A' (81.4s)
  [60/101] x  6703bed0bb02136c067cd381 pred='D' gold='B' (34.4s)
  [61/101] x  6703f57bbb02136c067cd714 pred='A' gold='D' (116.5s)
  [62/101] x  6703f73cbb02136c067cd74a pred='D' gold='B' (55.3s)
  [63/101] x  6703fc69bb02136c067cd7c2 pred='D' gold='A' (46.2s)
  [64/101] x  67040276bb02136c067cd8ae pred='D' gold='B' (58.1s)
  [65/101] x  67040983bb02136c067cd996 pred='D' gold='A' (111.6s)
  [66/101] OK 67041f08bb02136c067cdb52 pred='C' gold='C' (57.4s)
  [67/101] OK 670493d4bb02136c067cdcd9 pred='B' gold='B' (27.7s)
  [68/101] x  6704a442bb02136c067cdd91 pred='B' gold='C' (58.3s)
  [69/101] x  6704a83dbb02136c067cde1b pred='C' gold='B' (38.4s)
  [70/101] x  6704e10fbb02136c067ce1a0 pred='C' gold='B' (111.6s)
  [71/101] x  6704fe26bb02136c067ce670 pred='A' gold='C' (30.2s)
  [72/101] x  67062a63bb02136c067cf5ac pred='B' gold='C' (72.8s)
  [73/101] OK 67062fbfbb02136c067cf66a pred='D' gold='D' (52.4s)
  [74/101] x  670646aebb02136c067cf85a pred='D' gold='B' (38.9s)
  [75/101] x  67066b87bb02136c067cfaa3 pred='A' gold='B' (118.9s)
  [76/101] x  670765abbb02136c067d06b4 pred='D' gold='B' (148.6s)
  [77/101] OK 67078ecabb02136c067d0b89 pred='B' gold='B' (60.4s)
  [78/101] x  6707b3cabb02136c067d1021 pred='D' gold='A' (61.8s)
  [79/101] OK 6707b84cbb02136c067d10a5 pred='A' gold='A' (48.7s)
  [80/101] x  6707f349bb02136c067d13b9 pred='B' gold='C' (98.3s)
  [81/101] x  6708a096bb02136c067d1789 pred='B' gold='D' (124.2s)
  [82/101] x  6708ae87bb02136c067d1847 pred='B' gold='C' (75.2s)
  [83/101] x  67095b87bb02136c067d1bad pred='C' gold='D' (110.5s)
  [84/101] OK 6709d44abb02136c067d1d5d pred='B' gold='B' (41.6s)
  [85/101] OK 670aac92bb02136c067d218a pred='D' gold='D' (105.3s)
  [86/101] x  670bf1c4bb02136c067d2341 pred='C' gold='B' (101.2s)
  [87/101] x  670bf6ddbb02136c067d2379 pred='B' gold='C' (78.9s)
  [88/101] x  670bffa2bb02136c067d23b5 pred='C' gold='A' (98.1s)
  [89/101] x  670c090bbb02136c067d2404 pred='D' gold='C' (95.9s)
  [90/101] x  670cb73fbb02136c067d2502 pred='D' gold='C' (108.9s)
  [91/101] x  670cf163bb02136c067d26b6 pred='B' gold='D' (34.1s)
  [92/101] x  670cf1c0bb02136c067d26e5 pred='B' gold='A' (85.5s)
  [93/101] OK 670cf52abb02136c067d2728 pred='A' gold='A' (95.2s)
  [94/101] x  670fb637bb02136c067d2b65 pred='C' gold='B' (93.8s)
  [95/101] OK 670fb6a3bb02136c067d2b94 pred='A' gold='A' (31.4s)
  [96/101] x  670fb813bb02136c067d2bec pred='A' gold='D' (47.2s)
  [97/101] OK 670fb882bb02136c067d2c1d pred='C' gold='C' (83.7s)
  [98/101] x  670fb8dfbb02136c067d2c48 pred='C' gold='D' (93.3s)
  [99/101] x  670fbae0bb02136c067d2c79 pred='C' gold='A' (65.5s)
  [100/101] OK 670fbb1fbb02136c067d2ca4 pred='A' gold='A' (58.0s)
  [101/101] x  670fbb78bb02136c067d2cd3 pred='D' gold='B' (60.1s)
Cell 7 (flat_bm25): 38/101 correct (37.6%) -> results/flat_bm25_500/shard3/results.jsonl
