Cell 8 (flat_dense): 101 examples; output -> results/flat_dense_500/shard3/results.jsonl
  [1/101] x  66fa36c9bb02136c067c6517 pred='D' gold='C' (199.8s)
  [2/101] OK 66fa3843bb02136c067c655d pred='D' gold='D' (88.0s)
  [3/101] OK 66fa415cbb02136c067c671c pred='C' gold='C' (62.0s)
  [4/101] OK 66fa50acbb02136c067c6827 pred='B' gold='B' (42.3s)
  [5/101] x  66fa542bbb02136c067c686d pred='B' gold='A' (58.0s)
  [6/101] OK 66fa5fbcbb02136c067c6959 pred='B' gold='B' (124.5s)
  [7/101] x  66fa6702bb02136c067c6abb pred='D' gold='B' (56.0s)
  [8/101] x  66fa6867bb02136c067c6b3b pred='A' gold='D' (70.6s)
  [9/101] x  66fa69a4bb02136c067c6b75 pred='B' gold='D' (68.9s)
  [10/101] x  66fa700bbb02136c067c6c06 pred='A' gold='C' (37.5s)
  [11/101] x  66fa7269bb02136c067c6c73 pred='C' gold='B' (38.1s)
  [12/101] x  66fa788abb02136c067c6d75 pred='B' gold='D' (63.8s)
  [13/101] x  66fa7c81bb02136c067c6e09 pred='A' gold='B' (48.9s)
  [14/101] OK 66fa7f1dbb02136c067c6e6b pred='D' gold='D' (54.4s)
  [15/101] OK 66fa8ccdbb02136c067c6fa7 pred='B' gold='B' (128.1s)
  [16/101] x  66fa9ff6bb02136c067c71e0 pred='B' gold='D' (38.2s)
  [17/101] x  66faa0f5bb02136c067c722c pred='C' gold='A' (139.4s)
  [18/101] x  66faa8efbb02136c067c7357 pred='B' gold='C' (90.5s)
  [19/101] x  66faac15bb02136c067c73f3 pred='A' gold='C' (42.0s)
  [20/101] x  66faafd9bb02136c067c74a8 pred='C' gold='B' (80.9s)
  [21/101] OK 66fab090bb02136c067c74e7 pred='B' gold='B' (76.2s)
  [22/101] x  66fab4bfbb02136c067c754c pred='D' gold='C' (108.9s)
  [23/101] x  66fad00bbb02136c067c76ce pred='D' gold='C' (67.0s)
  [24/101] x  66fb5f73bb02136c067c7ae7 pred='B' gold='D' (110.5s)
  [25/101] x  66fb6527bb02136c067c7b4f pred='C' gold='B' (60.7s)
  [26/101] x  66fb6d71bb02136c067c7c34 pred='D' gold='B' (28.8s)
  [27/101] x  66fb75adbb02136c067c7d73 pred='B' gold='C' (123.2s)
  [28/101] x  66fb77e7bb02136c067c7db1 pred='B' gold='C' (164.5s)
  [29/101] x  66fb8633bb02136c067c800b pred='C' gold='A' (42.8s)
  [30/101] x  66fba2bcbb02136c067c8112 pred='C' gold='D' (98.4s)
  [31/101] OK 66fbab85bb02136c067c81dc pred='C' gold='C' (55.7s)
  [32/101] x  66fbe00fbb02136c067c84c8 pred='A' gold='C' (63.9s)
  [33/101] OK 66fc0152bb02136c067c8826 pred='A' gold='A' (62.8s)
  [34/101] x  66fc05b6bb02136c067c88e4 pred='D' gold='A' (104.2s)
  [35/101] x  66fcf2f2bb02136c067c9169 pred='C' gold='B' (77.2s)
  [36/101] OK 66fcf36fbb02136c067c919e pred='D' gold='D' (122.2s)
  [37/101] x  66fcf53fbb02136c067c91e7 pred='B' gold='A' (57.6s)
  [38/101] OK 66fcf725bb02136c067c924a pred='B' gold='B' (79.9s)
  [39/101] OK 66fcf80dbb02136c067c928e pred='B' gold='B' (107.4s)
  [40/101] OK 66fcf8dfbb02136c067c92cc pred='C' gold='C' (45.9s)
  [41/101] x  66fcfa1cbb02136c067c932e pred='C' gold='D' (71.3s)
  [42/101] OK 66fcfb1cbb02136c067c938b pred='A' gold='A' (70.2s)
  [43/101] OK 66fcfb5fbb02136c067c93ae pred='D' gold='D' (50.5s)
  [44/101] OK 66fcfbbcbb02136c067c93d3 pred='B' gold='B' (69.6s)
  [45/101] x  66fcfc9fbb02136c067c9411 pred='D' gold='C' (60.5s)
  [46/101] x  66fcfd6fbb02136c067c9454 pred='C' gold='D' (81.8s)
  [47/101] OK 66fcffd9bb02136c067c94c5 pred='D' gold='D' (50.3s)
  [48/101] x  66fd4f54bb02136c067c9987 pred='D' gold='B' (35.6s)
  [49/101] x  66fe81dcbb02136c067ca2de pred='A' gold='C' (104.6s)
  [50/101] x  66fe8eb3bb02136c067ca35f pred='B' gold='D' (31.5s)
  [51/101] OK 66fea153bb02136c067ca3e7 pred='D' gold='D' (55.0s)
  [52/101] OK 67009bd8bb02136c067caba9 pred='B' gold='B' (70.0s)
  [53/101] OK 6700d19dbb02136c067cb024 pred='C' gold='C' (102.4s)
  [54/101] x  6700eb6ebb02136c067cb152 pred='A' gold='D' (92.4s)
  [55/101] x  6701cda0bb02136c067cb6eb pred='C' gold='A' (21.8s)
  [56/101] x  6703933bbb02136c067ccd78 pred='C' gold='B' (34.0s)
  [57/101] x  670397b5bb02136c067ccec6 pred='A' gold='B' (57.5s)
  [58/101] x  67039cfabb02136c067cd04e pred='D' gold='C' (144.5s)
  [59/101] OK 6703a0ecbb02136c067cd11b pred='A' gold='A' (56.9s)
  [60/101] x  6703bed0bb02136c067cd381 pred='D' gold='B' (46.3s)
  [61/101] OK 6703f57bbb02136c067cd714 pred='D' gold='D' (124.5s)
  [62/101] x  6703f73cbb02136c067cd74a pred='D' gold='B' (78.7s)
  [63/101] OK 6703fc69bb02136c067cd7c2 pred='A' gold='A' (67.2s)
  [64/101] x  67040276bb02136c067cd8ae pred='D' gold='B' (30.1s)
  [65/101] x  67040983bb02136c067cd996 pred='B' gold='A' (123.4s)
  [66/101] OK 67041f08bb02136c067cdb52 pred='C' gold='C' (61.7s)
  [67/101] OK 670493d4bb02136c067cdcd9 pred='B' gold='B' (55.1s)
  [68/101] OK 6704a442bb02136c067cdd91 pred='C' gold='C' (46.5s)
  [69/101] x  6704a83dbb02136c067cde1b pred='C' gold='B' (48.9s)
  [70/101] OK 6704e10fbb02136c067ce1a0 pred='B' gold='B' (97.2s)
  [71/101] x  6704fe26bb02136c067ce670 pred='D' gold='C' (123.0s)
  [72/101] x  67062a63bb02136c067cf5ac pred='B' gold='C' (66.5s)
  [73/101] OK 67062fbfbb02136c067cf66a pred='D' gold='D' (50.2s)
  [74/101] x  670646aebb02136c067cf85a pred='C' gold='B' (50.3s)
  [75/101] x  67066b87bb02136c067cfaa3 pred='D' gold='B' (93.5s)
  [76/101] OK 670765abbb02136c067d06b4 pred='B' gold='B' (123.6s)
  [77/101] OK 67078ecabb02136c067d0b89 pred='B' gold='B' (40.7s)
  [78/101] x  6707b3cabb02136c067d1021 pred='D' gold='A' (51.4s)
  [79/101] OK 6707b84cbb02136c067d10a5 pred='A' gold='A' (77.8s)
  [80/101] x  6707f349bb02136c067d13b9 pred='B' gold='C' (120.3s)
  [81/101] x  6708a096bb02136c067d1789 pred='B' gold='D' (124.0s)
  [82/101] x  6708ae87bb02136c067d1847 pred='A' gold='C' (91.7s)
  [83/101] x  67095b87bb02136c067d1bad pred='C' gold='D' (116.5s)
  [84/101] OK 6709d44abb02136c067d1d5d pred='B' gold='B' (75.3s)
  [85/101] OK 670aac92bb02136c067d218a pred='D' gold='D' (112.0s)
  [86/101] x  670bf1c4bb02136c067d2341 pred='A' gold='B' (112.7s)
  [87/101] x  670bf6ddbb02136c067d2379 pred='D' gold='C' (110.4s)
  [88/101] x  670bffa2bb02136c067d23b5 pred='D' gold='A' (106.3s)
  [89/101] OK 670c090bbb02136c067d2404 pred='C' gold='C' (44.3s)
  [90/101] x  670cb73fbb02136c067d2502 pred='D' gold='C' (139.2s)
  [91/101] OK 670cf163bb02136c067d26b6 pred='D' gold='D' (97.9s)
  [92/101] x  670cf1c0bb02136c067d26e5 pred='C' gold='A' (73.4s)
  [93/101] x  670cf52abb02136c067d2728 pred='D' gold='A' (102.4s)
  [94/101] x  670fb637bb02136c067d2b65 pred='D' gold='B' (96.6s)
  [95/101] OK 670fb6a3bb02136c067d2b94 pred='A' gold='A' (63.4s)
  [96/101] x  670fb813bb02136c067d2bec pred='A' gold='D' (30.8s)
  [97/101] OK 670fb882bb02136c067d2c1d pred='C' gold='C' (34.1s)
  [98/101] OK 670fb8dfbb02136c067d2c48 pred='D' gold='D' (51.4s)
  [99/101] x  670fbae0bb02136c067d2c79 pred='C' gold='A' (47.2s)
  [100/101] x  670fbb1fbb02136c067d2ca4 pred='B' gold='A' (96.6s)
  [101/101] x  670fbb78bb02136c067d2cd3 pred='C' gold='B' (94.1s)
Cell 8 (flat_dense): 38/101 correct (37.6%) -> results/flat_dense_500/shard3/results.jsonl
