Cell 8 (flat_dense): 101 examples; output -> results/flat_dense_500/shard2/results.jsonl
  [1/101] x  66f3d2fc821e116aacb2f269 pred='C' gold='B' (76.2s)
  [2/101] x  66f3d738821e116aacb2f446 pred='B' gold='D' (47.9s)
  [3/101] x  66f3dd59821e116aacb2f6ba pred='B' gold='C' (39.0s)
  [4/101] x  66f3de02821e116aacb2f73b pred='A' gold='D' (59.4s)
  [5/101] OK 66f3df1e821e116aacb2f7be pred='A' gold='A' (146.2s)
  [6/101] OK 66f3e318821e116aacb2f9d1 pred='B' gold='B' (123.2s)
  [7/101] x  66f3e473821e116aacb2fa73 pred='C' gold='B' (34.6s)
  [8/101] x  66f3e58c821e116aacb2fabc pred='D' gold='B' (100.6s)
  [9/101] x  66f3e604821e116aacb2fadf pred='C' gold='D' (51.1s)
  [10/101] OK 66f3edfb821e116aacb2fc91 pred='C' gold='C' (62.1s)
  [11/101] x  66f3f095821e116aacb2fd28 pred='B' gold='C' (99.6s)
  [12/101] x  66f3f1a5821e116aacb2fdc7 pred='A' gold='D' (74.7s)
  [13/101] x  66f3f46f821e116aacb2ff5d pred='C' gold='B' (50.9s)
  [14/101] OK 66f3f947821e116aacb3029b pred='B' gold='B' (66.4s)
  [15/101] x  66f3fb15821e116aacb303dc pred='C' gold='D' (97.7s)
  [16/101] x  66f3fb96821e116aacb3043f pred='C' gold='A' (74.5s)
  [17/101] x  66f3fd3a821e116aacb30533 pred='D' gold='B' (57.9s)
  [18/101] x  66f40501821e116aacb307e8 pred='A' gold='B' (40.0s)
  [19/101] x  66f40b9c821e116aacb30a99 pred='A' gold='C' (134.0s)
  [20/101] x  66f40c5e821e116aacb30ad2 pred='B' gold='A' (184.5s)
  [21/101] x  66f40e44821e116aacb30b45 pred='D' gold='C' (145.0s)
  [22/101] x  66f41108821e116aacb30c41 pred='C' gold='D' (99.0s)
  [23/101] x  66f41348821e116aacb30c89 pred='B' gold='D' (37.5s)
  [24/101] x  66f41e45821e116aacb30ec3 pred='A' gold='C' (40.1s)
  [25/101] x  66f43414821e116aacb310a1 pred='C' gold='D' (66.2s)
  [26/101] x  66f4cd2c821e116aacb316ef pred='B' gold='D' (31.5s)
  [27/101] OK 66f4ce9e821e116aacb31731 pred='B' gold='B' (63.6s)
  [28/101] OK 66f4eff3821e116aacb31bc8 pred='A' gold='A' (56.2s)
  [29/101] x  66f4f87b821e116aacb31d62 pred='B' gold='A' (75.5s)
  [30/101] x  66f50109821e116aacb31f16 pred='D' gold='B' (104.3s)
  [31/101] x  66f519a6821e116aacb32579 pred='A' gold='D' (62.0s)
  [32/101] OK 66f51ab2821e116aacb325fb pred='C' gold='C' (102.3s)
  [33/101] OK 66f52567821e116aacb329bc pred='C' gold='C' (32.0s)
  [34/101] x  66f52926821e116aacb32b5e pred='D' gold='C' (57.1s)
  [35/101] x  66f52c6d821e116aacb32cb0 pred='C' gold='A' (33.1s)
  [36/101] x  66f52d48821e116aacb32cf4 pred='C' gold='A' (99.8s)
  [37/101] x  66f52f0f821e116aacb32ddb pred='D' gold='A' (115.2s)
  [38/101] OK 66f530ce821e116aacb32f09 pred='C' gold='C' (43.0s)
  [39/101] OK 66f535c5821e116aacb33168 pred='B' gold='B' (60.9s)
  [40/101] OK 66f53892821e116aacb33225 pred='B' gold='B' (69.9s)
  [41/101] x  66f53ab2821e116aacb33299 pred='C' gold='A' (101.9s)
  [42/101] OK 66f53b9b821e116aacb332fc pred='A' gold='A' (37.8s)
  [43/101] OK 66f53f2b821e116aacb3335a pred='C' gold='C' (39.7s)
  [44/101] OK 66f55729821e116aacb3358b pred='C' gold='C' (49.5s)
  [45/101] x  66f55828821e116aacb3363e pred='C' gold='D' (52.8s)
  [46/101] OK 66f55d66821e116aacb33734 pred='D' gold='D' (27.5s)
  [47/101] x  66f55ddb821e116aacb33761 pred='A' gold='D' (104.4s)
  [48/101] OK 66f5605a821e116aacb3381f pred='D' gold='D' (61.2s)
  [49/101] OK 66f56630821e116aacb3392b pred='D' gold='D' (68.7s)
  [50/101] x  66f568dc821e116aacb33995 pred='D' gold='B' (40.5s)
  [51/101] OK 66f56c9c821e116aacb33a45 pred='C' gold='C' (15.9s)
  [52/101] x  66f57379821e116aacb33b7a pred='C' gold='D' (139.4s)
  [53/101] OK 66f578fa821e116aacb33c58 pred='D' gold='D' (29.3s)
  [54/101] x  66f58d6c821e116aacb33e76 pred='A' gold='C' (46.3s)
  [55/101] OK 66f590fa821e116aacb33f35 pred='C' gold='C' (34.7s)
  [56/101] x  66f599ef821e116aacb34099 pred='D' gold='B' (50.9s)
  [57/101] x  66f59d31821e116aacb340f6 pred='B' gold='D' (64.9s)
  [58/101] x  66f618f1bb02136c067c16f9 pred='B' gold='D' (26.8s)
  [59/101] x  66f61d7dbb02136c067c1802 pred='C' gold='D' (107.4s)
  [60/101] x  66f659a8bb02136c067c1d68 pred='C' gold='A' (61.8s)
  [61/101] OK 66f67c18bb02136c067c21b8 pred='C' gold='C' (97.2s)
  [62/101] x  66f67c1bbb02136c067c21b9 pred='B' gold='D' (62.5s)
  [63/101] x  66f68b33bb02136c067c2303 pred='A' gold='D' (78.4s)
  [64/101] x  66f6909bbb02136c067c2380 pred='C' gold='B' (73.8s)
  [65/101] x  66f6a14dbb02136c067c2453 pred='A' gold='D' (29.4s)
  [66/101] x  66f6b623bb02136c067c2646 pred='C' gold='A' (34.5s)
  [67/101] OK 66f6bcf3bb02136c067c2703 pred='A' gold='A' (69.1s)
  [68/101] x  66f78ecfbb02136c067c2f12 pred='C' gold='B' (48.6s)
  [69/101] OK 66f793f4bb02136c067c306e pred='C' gold='C' (56.3s)
  [70/101] OK 66f7a96cbb02136c067c3255 pred='A' gold='A' (57.7s)
  [71/101] x  66f7aa19bb02136c067c327e pred='D' gold='C' (32.9s)
  [72/101] x  66f7c780bb02136c067c35e8 pred='A' gold='C' (61.2s)
  [73/101] EXC 66f7f382bb02136c067c3a6c: Error code: 400 - {'error': {'message': "This model's maximum context length is 40960 tokens. However, you requested 2048 output tokens and your prompt contains at least 38913 input tokens, for a tota
  [73/101] x  66f7f382bb02136c067c3a6c pred='' gold='C' (14.3s)
  [74/101] EXC 66f7f963bb02136c067c3be1: Error code: 400 - {'error': {'message': "This model's maximum context length is 40960 tokens. However, you requested 2048 output tokens and your prompt contains at least 38913 input tokens, for a tota
  [74/101] x  66f7f963bb02136c067c3be1 pred='' gold='C' (1.9s)
  [75/101] x  66f8c6b4bb02136c067c4480 pred='A' gold='C' (93.3s)
  [76/101] x  66f8c783bb02136c067c44b8 pred='C' gold='B' (37.3s)
  [77/101] x  66f8c9febb02136c067c4511 pred='A' gold='C' (39.9s)
  [78/101] x  66f8d4b3bb02136c067c45c2 pred='D' gold='B' (39.2s)
  [79/101] x  66f8d84cbb02136c067c465f pred='B' gold='C' (42.1s)
  [80/101] x  66f908e3bb02136c067c4992 pred='B' gold='A' (110.6s)
  [81/101] x  66f91f2cbb02136c067c4b1e pred='D' gold='B' (80.1s)
  [82/101] x  66f920d8bb02136c067c4b81 pred='B' gold='C' (30.6s)
  [83/101] x  66f947abbb02136c067c4ea6 pred='C' gold='B' (37.3s)
  [84/101] x  66f94f9ebb02136c067c4fde pred='B' gold='D' (73.5s)
  [85/101] x  66f950acbb02136c067c5021 pred='B' gold='A' (58.7s)
  [86/101] OK 66f95126bb02136c067c5070 pred='C' gold='C' (27.6s)
  [87/101] OK 66f954a5bb02136c067c511a pred='B' gold='B' (53.9s)
  [88/101] x  66f957e2bb02136c067c51c8 pred='A' gold='D' (49.4s)
  [89/101] OK 66f958b3bb02136c067c5219 pred='C' gold='C' (25.1s)
  [90/101] OK 66f95c18bb02136c067c52e1 pred='B' gold='B' (49.6s)
  [91/101] x  66f95e11bb02136c067c5370 pred='A' gold='B' (127.0s)
  [92/101] x  66f96115bb02136c067c541c pred='B' gold='D' (47.8s)
  [93/101] x  66f9625fbb02136c067c5456 pred='A' gold='B' (57.0s)
  [94/101] x  66f97d7fbb02136c067c56b2 pred='C' gold='A' (49.4s)
  [95/101] OK 66f97dc3bb02136c067c56c8 pred='B' gold='B' (56.7s)
  [96/101] x  66fa0d88bb02136c067c5a8a pred='A' gold='C' (68.5s)
  [97/101] OK 66fa190bbb02136c067c5d32 pred='B' gold='B' (74.7s)
  [98/101] OK 66fa1b54bb02136c067c5df7 pred='B' gold='B' (118.5s)
  [99/101] OK 66fa1e4cbb02136c067c5edf pred='A' gold='A' (55.0s)
  [100/101] OK 66fa208bbb02136c067c5fc1 pred='B' gold='B' (41.0s)
  [101/101] x  66fa2734bb02136c067c627a pred='B' gold='A' (115.9s)
Cell 8 (flat_dense): 33/101 correct (32.7%) -> results/flat_dense_500/shard2/results.jsonl
