Cell 9 (flat_hybrid_chunk): 101 examples; output -> results/flat_hybrid_chunk_500/shard1/results.jsonl
  [1/101] OK 66ed36ca821e116aacb1f505 pred='C' gold='C' (82.6s)
  [2/101] x  66ed3960821e116aacb1f616 pred='A' gold='C' (69.7s)
  [3/101] OK 66ed3ae5821e116aacb1f729 pred='C' gold='C' (27.0s)
  [4/101] x  66ed3e90821e116aacb1f82f pred='B' gold='C' (23.6s)
  [5/101] OK 66ed4274821e116aacb1f8f1 pred='D' gold='D' (31.0s)
  [6/101] x  66ed5be2821e116aacb1fb57 pred='C' gold='D' (68.2s)
  [7/101] x  66ed875e821e116aacb2023e pred='B' gold='A' (62.2s)
  [8/101] x  66ed910a821e116aacb2033b pred='B' gold='A' (87.4s)
  [9/101] x  66ee3c6d821e116aacb20f6f pred='A' gold='B' (97.0s)
  [10/101] OK 66ee3c7b821e116aacb20f80 pred='B' gold='B' (64.2s)
  [11/101] x  66ee4287821e116aacb21258 pred='C' gold='B' (50.9s)
  [12/101] x  66ee490e821e116aacb2149c pred='A' gold='C' (33.9s)
  [13/101] x  66ee496a821e116aacb214d5 pred='C' gold='B' (43.9s)
  [14/101] x  66ee4c55821e116aacb21596 pred='B' gold='D' (57.9s)
  [15/101] x  66ee8bab821e116aacb21e44 pred='C' gold='B' (93.7s)
  [16/101] OK 66ee981d821e116aacb22005 pred='C' gold='C' (98.6s)
  [17/101] x  66eecc45821e116aacb225c3 pred='D' gold='C' (93.7s)
  [18/101] x  66eefa2f821e116aacb2284f pred='C' gold='A' (99.3s)
  [19/101] x  66eefe85821e116aacb228dc pred='B' gold='A' (76.3s)
  [20/101] x  66ef1a4d821e116aacb229d5 pred='A' gold='C' (75.4s)
  [21/101] x  66ef8aa3821e116aacb22db5 pred='C' gold='B' (62.1s)
  [22/101] x  66efa466821e116aacb23219 pred='D' gold='C' (102.6s)
  [23/101] OK 66efa5ea821e116aacb23268 pred='D' gold='D' (95.2s)
  [24/101] x  66efaf70821e116aacb234bd pred='C' gold='D' (33.1s)
  [25/101] OK 66efc5e3821e116aacb23df1 pred='D' gold='D' (63.8s)
  [26/101] OK 66efd10f821e116aacb2437c pred='D' gold='D' (85.5s)
  [27/101] OK 66f00f1a821e116aacb252cf pred='B' gold='B' (65.0s)
  [28/101] OK 66f016e6821e116aacb25497 pred='D' gold='D' (100.5s)
  [29/101] x  66f0ed5a821e116aacb265ab pred='D' gold='C' (89.6s)
  [30/101] OK 66f10d67821e116aacb268d0 pred='B' gold='B' (35.0s)
  [31/101] x  66f11349821e116aacb269e0 pred='C' gold='A' (67.5s)
  [32/101] x  66f118e1821e116aacb26b79 pred='D' gold='A' (104.7s)
  [33/101] x  66f120a9821e116aacb26d02 pred='D' gold='A' (61.4s)
  [34/101] x  66f14c70821e116aacb271ee pred='A' gold='C' (29.9s)
  [35/101] x  66f167c3821e116aacb274f4 pred='B' gold='C' (70.8s)
  [36/101] OK 66f168d8821e116aacb27519 pred='C' gold='C' (28.6s)
  [37/101] x  66f17aab821e116aacb2772d pred='B' gold='D' (69.6s)
  [38/101] x  66f19f04821e116aacb27bab pred='D' gold='A' (35.3s)
  [39/101] OK 66f1ae08821e116aacb27c9c pred='B' gold='B' (80.8s)
  [40/101] x  66f1cd02821e116aacb27d3f pred='D' gold='B' (114.1s)
  [41/101] x  66f1dac1821e116aacb27df1 pred='C' gold='A' (48.7s)
  [42/101] x  66f24538821e116aacb2865e pred='B' gold='D' (57.7s)
  [43/101] x  66f245cc821e116aacb28698 pred='B' gold='C' (28.8s)
  [44/101] x  66f25a2f821e116aacb28b2f pred='C' gold='D' (56.7s)
  [45/101] x  66f2616e821e116aacb28e0c pred='D' gold='C' (52.4s)
  [46/101] x  66f26c5f821e116aacb2907c pred='C' gold='A' (28.8s)
  [47/101] OK 66f284ff821e116aacb29763 pred='C' gold='C' (88.2s)
  [48/101] x  66f28794821e116aacb298ee pred='B' gold='A' (60.9s)
  [49/101] OK 66f28ede821e116aacb29a27 pred='B' gold='B' (49.7s)
  [50/101] x  66f2982b821e116aacb29c66 pred='D' gold='A' (86.3s)
  [51/101] x  66f299b3821e116aacb29cfa pred='A' gold='B' (123.6s)
  [52/101] x  66f2a14b821e116aacb2a128 pred='D' gold='C' (100.2s)
  [53/101] x  66f2a255821e116aacb2a20b pred='A' gold='D' (124.1s)
  [54/101] x  66f2a414821e116aacb2a3af pred='C' gold='B' (61.6s)
  [55/101] x  66f2a46d821e116aacb2a41a pred='C' gold='B' (110.5s)
  [56/101] x  66f2a4e3821e116aacb2a49b pred='A' gold='B' (79.4s)
  [57/101] x  66f2a557821e116aacb2a510 pred='A' gold='C' (44.7s)
  [58/101] EXC 66f2a59d821e116aacb2a553: Error code: 400 - {'error': {'message': "This model's maximum context length is 40960 tokens. However, you requested 2048 output tokens and your prompt contains at least 38913 input tokens, for a tota
  [58/101] x  66f2a59d821e116aacb2a553 pred='' gold='A' (9.8s)
  [59/101] OK 66f2a7a9821e116aacb2a721 pred='A' gold='A' (36.6s)
  [60/101] OK 66f2a80d821e116aacb2a760 pred='A' gold='A' (52.0s)
  [61/101] x  66f2a98a821e116aacb2a8bf pred='C' gold='B' (38.6s)
  [62/101] x  66f2aac2821e116aacb2a9de pred='C' gold='B' (15.7s)
  [63/101] x  66f2abc5821e116aacb2aab7 pred='D' gold='C' (143.2s)
  [64/101] x  66f2ad2b821e116aacb2ac0f pred='D' gold='A' (95.9s)
  [65/101] x  66f2ad89821e116aacb2ac92 pred='B' gold='D' (93.7s)
  [66/101] x  66f2adaf821e116aacb2aca9 pred='C' gold='B' (55.0s)
  [67/101] x  66f2b11c821e116aacb2aeb6 pred='B' gold='A' (49.9s)
  [68/101] OK 66f2b546821e116aacb2b152 pred='C' gold='C' (81.3s)
  [69/101] OK 66f2b5ec821e116aacb2b1ec pred='C' gold='C' (112.1s)
  [70/101] x  66f2b676821e116aacb2b27a pred='C' gold='B' (90.3s)
  [71/101] OK 66f2c44e821e116aacb2b826 pred='C' gold='C' (96.3s)
  [72/101] x  66f2cacb821e116aacb2ba50 pred='D' gold='C' (74.7s)
  [73/101] x  66f2cb0f821e116aacb2ba6d pred='C' gold='A' (109.2s)
  [74/101] x  66f2d224821e116aacb2bb8a pred='D' gold='C' (50.2s)
  [75/101] OK 66f2d553821e116aacb2bc8f pred='D' gold='D' (33.6s)
  [76/101] x  66f2e0bc821e116aacb2bf37 pred='C' gold='D' (56.7s)
  [77/101] x  66f2e874821e116aacb2c0af pred='A' gold='C' (104.7s)
  [78/101] x  66f2ef20821e116aacb2c278 pred='B' gold='C' (47.2s)
  [79/101] x  66f36490821e116aacb2cc22 pred='C' gold='D' (48.8s)
  [80/101] x  66f37635821e116aacb2d017 pred='A' gold='D' (34.5s)
  [81/101] x  66f379e8821e116aacb2d161 pred='B' gold='D' (47.2s)
  [82/101] x  66f37eb9821e116aacb2d295 pred='D' gold='B' (87.5s)
  [83/101] x  66f38969821e116aacb2d6ec pred='A' gold='D' (68.2s)
  [84/101] OK 66f3918f821e116aacb2d8b7 pred='D' gold='D' (28.7s)
  [85/101] x  66f39aa7821e116aacb2da76 pred='D' gold='B' (37.9s)
  [86/101] OK 66f39ac5821e116aacb2da81 pred='B' gold='B' (99.6s)
  [87/101] x  66f3a311821e116aacb2de19 pred='A' gold='B' (107.3s)
  [88/101] x  66f3abe6821e116aacb2e1d2 pred='B' gold='C' (84.5s)
  [89/101] EXC 66f3ac0b821e116aacb2e203: Error code: 400 - {'error': {'message': "This model's maximum context length is 40960 tokens. However, you requested 2048 output tokens and your prompt contains at least 38913 input tokens, for a tota
  [89/101] x  66f3ac0b821e116aacb2e203 pred='' gold='D' (12.6s)
  [90/101] OK 66f3ad93821e116aacb2e29f pred='C' gold='C' (62.2s)
  [91/101] x  66f3b843821e116aacb2e692 pred='A' gold='C' (21.4s)
  [92/101] OK 66f3c081821e116aacb2e9fa pred='D' gold='D' (34.5s)
  [93/101] x  66f3c1ab821e116aacb2ead1 pred='C' gold='D' (96.9s)
  [94/101] x  66f3c1c3821e116aacb2eaf6 pred='B' gold='A' (35.1s)
  [95/101] OK 66f3c219821e116aacb2eb4e pred='C' gold='C' (35.6s)
  [96/101] x  66f3c5f2821e116aacb2eccf pred='D' gold='A' (125.3s)
  [97/101] x  66f3c806821e116aacb2ed77 pred='A' gold='C' (100.6s)
  [98/101] x  66f3cb88821e116aacb2eeb9 pred='C' gold='D' (64.9s)
  [99/101] x  66f3cca6821e116aacb2ef7c pred='A' gold='B' (48.7s)
  [100/101] OK 66f3cfa5821e116aacb2f096 pred='D' gold='D' (28.9s)
  [101/101] OK 66f3d10b821e116aacb2f14f pred='D' gold='D' (91.3s)
Cell 9 (flat_hybrid_chunk): 28/101 correct (27.7%) -> results/flat_hybrid_chunk_500/shard1/results.jsonl
