Cell 9 (flat_hybrid_chunk): 101 examples; output -> results/flat_hybrid_chunk_500/shard2/results.jsonl
  [1/101] x  66f3d2fc821e116aacb2f269 pred='D' gold='B' (72.6s)
  [2/101] OK 66f3d738821e116aacb2f446 pred='D' gold='D' (83.6s)
  [3/101] x  66f3dd59821e116aacb2f6ba pred='B' gold='C' (35.7s)
  [4/101] x  66f3de02821e116aacb2f73b pred='A' gold='D' (53.2s)
  [5/101] OK 66f3df1e821e116aacb2f7be pred='A' gold='A' (135.9s)
  [6/101] OK 66f3e318821e116aacb2f9d1 pred='B' gold='B' (150.2s)
  [7/101] x  66f3e473821e116aacb2fa73 pred='D' gold='B' (36.3s)
  [8/101] x  66f3e58c821e116aacb2fabc pred='A' gold='B' (97.9s)
  [9/101] x  66f3e604821e116aacb2fadf pred='C' gold='D' (62.1s)
  [10/101] OK 66f3edfb821e116aacb2fc91 pred='C' gold='C' (91.5s)
  [11/101] OK 66f3f095821e116aacb2fd28 pred='C' gold='C' (56.6s)
  [12/101] OK 66f3f1a5821e116aacb2fdc7 pred='D' gold='D' (132.8s)
  [13/101] OK 66f3f46f821e116aacb2ff5d pred='B' gold='B' (52.8s)
  [14/101] OK 66f3f947821e116aacb3029b pred='B' gold='B' (88.5s)
  [15/101] x  66f3fb15821e116aacb303dc pred='A' gold='D' (50.5s)
  [16/101] OK 66f3fb96821e116aacb3043f pred='A' gold='A' (69.5s)
  [17/101] x  66f3fd3a821e116aacb30533 pred='D' gold='B' (75.9s)
  [18/101] x  66f40501821e116aacb307e8 pred='A' gold='B' (75.9s)
  [19/101] x  66f40b9c821e116aacb30a99 pred='B' gold='C' (64.2s)
  [20/101] x  66f40c5e821e116aacb30ad2 pred='B' gold='A' (236.1s)
  [21/101] x  66f40e44821e116aacb30b45 pred='B' gold='C' (138.1s)
  [22/101] OK 66f41108821e116aacb30c41 pred='D' gold='D' (27.2s)
  [23/101] x  66f41348821e116aacb30c89 pred='A' gold='D' (40.1s)
  [24/101] x  66f41e45821e116aacb30ec3 pred='D' gold='C' (49.3s)
  [25/101] x  66f43414821e116aacb310a1 pred='C' gold='D' (79.7s)
  [26/101] OK 66f4cd2c821e116aacb316ef pred='D' gold='D' (49.3s)
  [27/101] OK 66f4ce9e821e116aacb31731 pred='B' gold='B' (93.3s)
  [28/101] OK 66f4eff3821e116aacb31bc8 pred='A' gold='A' (48.4s)
  [29/101] x  66f4f87b821e116aacb31d62 pred='C' gold='A' (100.7s)
  [30/101] x  66f50109821e116aacb31f16 pred='C' gold='B' (113.5s)
  [31/101] OK 66f519a6821e116aacb32579 pred='D' gold='D' (47.5s)
  [32/101] OK 66f51ab2821e116aacb325fb pred='C' gold='C' (83.6s)
  [33/101] OK 66f52567821e116aacb329bc pred='C' gold='C' (38.9s)
  [34/101] OK 66f52926821e116aacb32b5e pred='C' gold='C' (39.2s)
  [35/101] x  66f52c6d821e116aacb32cb0 pred='C' gold='A' (28.4s)
  [36/101] x  66f52d48821e116aacb32cf4 pred='C' gold='A' (27.2s)
  [37/101] x  66f52f0f821e116aacb32ddb pred='B' gold='A' (122.7s)
  [38/101] OK 66f530ce821e116aacb32f09 pred='C' gold='C' (40.1s)
  [39/101] x  66f535c5821e116aacb33168 pred='C' gold='B' (48.0s)
  [40/101] OK 66f53892821e116aacb33225 pred='B' gold='B' (59.0s)
  [41/101] OK 66f53ab2821e116aacb33299 pred='A' gold='A' (47.9s)
  [42/101] OK 66f53b9b821e116aacb332fc pred='A' gold='A' (23.6s)
  [43/101] OK 66f53f2b821e116aacb3335a pred='C' gold='C' (36.5s)
  [44/101] OK 66f55729821e116aacb3358b pred='C' gold='C' (94.1s)
  [45/101] OK 66f55828821e116aacb3363e pred='D' gold='D' (54.9s)
  [46/101] OK 66f55d66821e116aacb33734 pred='D' gold='D' (24.5s)
  [47/101] x  66f55ddb821e116aacb33761 pred='A' gold='D' (75.9s)
  [48/101] x  66f5605a821e116aacb3381f pred='C' gold='D' (54.5s)
  [49/101] x  66f56630821e116aacb3392b pred='B' gold='D' (79.4s)
  [50/101] x  66f568dc821e116aacb33995 pred='D' gold='B' (30.1s)
  [51/101] OK 66f56c9c821e116aacb33a45 pred='C' gold='C' (28.8s)
  [52/101] OK 66f57379821e116aacb33b7a pred='D' gold='D' (142.4s)
  [53/101] x  66f578fa821e116aacb33c58 pred='B' gold='D' (95.7s)
  [54/101] x  66f58d6c821e116aacb33e76 pred='B' gold='C' (91.8s)
  [55/101] x  66f590fa821e116aacb33f35 pred='D' gold='C' (59.6s)
  [56/101] x  66f599ef821e116aacb34099 pred='D' gold='B' (40.9s)
  [57/101] OK 66f59d31821e116aacb340f6 pred='D' gold='D' (79.3s)
  [58/101] x  66f618f1bb02136c067c16f9 pred='B' gold='D' (33.5s)
  [59/101] OK 66f61d7dbb02136c067c1802 pred='D' gold='D' (108.8s)
  [60/101] x  66f659a8bb02136c067c1d68 pred='C' gold='A' (70.8s)
  [61/101] x  66f67c18bb02136c067c21b8 pred='A' gold='C' (98.1s)
  [62/101] OK 66f67c1bbb02136c067c21b9 pred='D' gold='D' (79.8s)
  [63/101] OK 66f68b33bb02136c067c2303 pred='D' gold='D' (91.7s)
  [64/101] x  66f6909bbb02136c067c2380 pred='C' gold='B' (94.5s)
  [65/101] x  66f6a14dbb02136c067c2453 pred='A' gold='D' (36.2s)
  [66/101] x  66f6b623bb02136c067c2646 pred='C' gold='A' (46.1s)
  [67/101] OK 66f6bcf3bb02136c067c2703 pred='A' gold='A' (83.7s)
  [68/101] x  66f78ecfbb02136c067c2f12 pred='C' gold='B' (35.5s)
  [69/101] x  66f793f4bb02136c067c306e pred='D' gold='C' (49.7s)
  [70/101] OK 66f7a96cbb02136c067c3255 pred='A' gold='A' (45.0s)
  [71/101] x  66f7aa19bb02136c067c327e pred='D' gold='C' (34.0s)
  [72/101] x  66f7c780bb02136c067c35e8 pred='A' gold='C' (101.3s)
  [73/101] EXC 66f7f382bb02136c067c3a6c: Error code: 400 - {'error': {'message': "This model's maximum context length is 40960 tokens. However, you requested 2048 output tokens and your prompt contains at least 38913 input tokens, for a tota
  [73/101] x  66f7f382bb02136c067c3a6c pred='' gold='C' (15.0s)
  [74/101] EXC 66f7f963bb02136c067c3be1: Error code: 400 - {'error': {'message': "This model's maximum context length is 40960 tokens. However, you requested 2048 output tokens and your prompt contains at least 38913 input tokens, for a tota
  [74/101] x  66f7f963bb02136c067c3be1 pred='' gold='C' (1.9s)
  [75/101] x  66f8c6b4bb02136c067c4480 pred='B' gold='C' (93.9s)
  [76/101] x  66f8c783bb02136c067c44b8 pred='C' gold='B' (38.5s)
  [77/101] x  66f8c9febb02136c067c4511 pred='A' gold='C' (89.0s)
  [78/101] x  66f8d4b3bb02136c067c45c2 pred='A' gold='B' (43.1s)
  [79/101] x  66f8d84cbb02136c067c465f pred='B' gold='C' (70.5s)
  [80/101] OK 66f908e3bb02136c067c4992 pred='A' gold='A' (98.6s)
  [81/101] x  66f91f2cbb02136c067c4b1e pred='D' gold='B' (41.4s)
  [82/101] OK 66f920d8bb02136c067c4b81 pred='C' gold='C' (40.9s)
  [83/101] x  66f947abbb02136c067c4ea6 pred='A' gold='B' (59.5s)
  [84/101] x  66f94f9ebb02136c067c4fde pred='B' gold='D' (67.0s)
  [85/101] x  66f950acbb02136c067c5021 pred='C' gold='A' (80.5s)
  [86/101] x  66f95126bb02136c067c5070 pred='D' gold='C' (96.4s)
  [87/101] x  66f954a5bb02136c067c511a pred='C' gold='B' (45.3s)
  [88/101] OK 66f957e2bb02136c067c51c8 pred='D' gold='D' (99.3s)
  [89/101] OK 66f958b3bb02136c067c5219 pred='C' gold='C' (76.8s)
  [90/101] OK 66f95c18bb02136c067c52e1 pred='B' gold='B' (46.6s)
  [91/101] x  66f95e11bb02136c067c5370 pred='D' gold='B' (126.1s)
  [92/101] x  66f96115bb02136c067c541c pred='B' gold='D' (56.0s)
  [93/101] x  66f9625fbb02136c067c5456 pred='A' gold='B' (91.6s)
  [94/101] x  66f97d7fbb02136c067c56b2 pred='C' gold='A' (50.8s)
  [95/101] OK 66f97dc3bb02136c067c56c8 pred='B' gold='B' (53.6s)
  [96/101] x  66fa0d88bb02136c067c5a8a pred='A' gold='C' (68.7s)
  [97/101] x  66fa190bbb02136c067c5d32 pred='C' gold='B' (52.9s)
  [98/101] OK 66fa1b54bb02136c067c5df7 pred='B' gold='B' (92.4s)
  [99/101] OK 66fa1e4cbb02136c067c5edf pred='A' gold='A' (53.4s)
  [100/101] OK 66fa208bbb02136c067c5fc1 pred='B' gold='B' (43.1s)
  [101/101] OK 66fa2734bb02136c067c627a pred='A' gold='A' (107.1s)
Cell 9 (flat_hybrid_chunk): 43/101 correct (42.6%) -> results/flat_hybrid_chunk_500/shard2/results.jsonl
