Cell 1 (flat_raw): 101 examples; output -> results/flat_raw_500/shard1/results.jsonl
  [1/101] OK 66ed36ca821e116aacb1f505 pred='C' gold='C' (28.6s)
  [2/101] OK 66ed3960821e116aacb1f616 pred='C' gold='C' (44.5s)
  [3/101] OK 66ed3ae5821e116aacb1f729 pred='C' gold='C' (25.3s)
  [4/101] OK 66ed3e90821e116aacb1f82f pred='C' gold='C' (17.7s)
  [5/101] OK 66ed4274821e116aacb1f8f1 pred='D' gold='D' (26.5s)
  [6/101] x  66ed5be2821e116aacb1fb57 pred='C' gold='D' (49.0s)
  [7/101] x  66ed875e821e116aacb2023e pred='B' gold='A' (50.8s)
  [8/101] OK 66ed910a821e116aacb2033b pred='A' gold='A' (27.1s)
  [9/101] x  66ee3c6d821e116aacb20f6f pred='D' gold='B' (35.9s)
  [10/101] x  66ee3c7b821e116aacb20f80 pred='C' gold='B' (34.4s)
  [11/101] x  66ee4287821e116aacb21258 pred='C' gold='B' (47.5s)
  [12/101] x  66ee490e821e116aacb2149c pred='A' gold='C' (45.2s)
  [13/101] OK 66ee496a821e116aacb214d5 pred='B' gold='B' (73.2s)
  [14/101] x  66ee4c55821e116aacb21596 pred='A' gold='D' (31.1s)
  [15/101] x  66ee8bab821e116aacb21e44 pred='C' gold='B' (46.9s)
  [16/101] OK 66ee981d821e116aacb22005 pred='C' gold='C' (89.5s)
  [17/101] x  66eecc45821e116aacb225c3 pred='B' gold='C' (66.2s)
  [18/101] x  66eefa2f821e116aacb2284f pred='C' gold='A' (74.7s)
  [19/101] OK 66eefe85821e116aacb228dc pred='A' gold='A' (88.4s)
  [20/101] x  66ef1a4d821e116aacb229d5 pred='A' gold='C' (63.4s)
  [21/101] x  66ef8aa3821e116aacb22db5 pred='C' gold='B' (19.0s)
  [22/101] OK 66efa466821e116aacb23219 pred='C' gold='C' (92.2s)
  [23/101] x  66efa5ea821e116aacb23268 pred='B' gold='D' (88.2s)
  [24/101] x  66efaf70821e116aacb234bd pred='C' gold='D' (26.8s)
  [25/101] x  66efc5e3821e116aacb23df1 pred='C' gold='D' (85.2s)
  [26/101] x  66efd10f821e116aacb2437c pred='B' gold='D' (23.4s)
  [27/101] x  66f00f1a821e116aacb252cf pred='C' gold='B' (35.1s)
  [28/101] OK 66f016e6821e116aacb25497 pred='D' gold='D' (87.8s)
  [29/101] OK 66f0ed5a821e116aacb265ab pred='C' gold='C' (24.6s)
  [30/101] OK 66f10d67821e116aacb268d0 pred='B' gold='B' (63.5s)
  [31/101] x  66f11349821e116aacb269e0 pred='C' gold='A' (44.0s)
  [32/101] OK 66f118e1821e116aacb26b79 pred='A' gold='A' (85.1s)
  [33/101] x  66f120a9821e116aacb26d02 pred='B' gold='A' (55.8s)
  [34/101] x  66f14c70821e116aacb271ee pred='D' gold='C' (44.1s)
  [35/101] x  66f167c3821e116aacb274f4 pred='B' gold='C' (49.9s)
  [36/101] OK 66f168d8821e116aacb27519 pred='C' gold='C' (18.1s)
  [37/101] x  66f17aab821e116aacb2772d pred='C' gold='D' (47.0s)
  [38/101] x  66f19f04821e116aacb27bab pred='D' gold='A' (62.5s)
  [39/101] OK 66f1ae08821e116aacb27c9c pred='B' gold='B' (62.9s)
  [40/101] x  66f1cd02821e116aacb27d3f pred='C' gold='B' (33.5s)
  [41/101] x  66f1dac1821e116aacb27df1 pred='C' gold='A' (44.5s)
  [42/101] x  66f24538821e116aacb2865e pred='A' gold='D' (37.2s)
  [43/101] x  66f245cc821e116aacb28698 pred='D' gold='C' (84.3s)
  [44/101] x  66f25a2f821e116aacb28b2f pred='B' gold='D' (51.0s)
  [45/101] x  66f2616e821e116aacb28e0c pred='D' gold='C' (34.7s)
  [46/101] x  66f26c5f821e116aacb2907c pred='C' gold='A' (21.6s)
  [47/101] x  66f284ff821e116aacb29763 pred='B' gold='C' (85.3s)
  [48/101] x  66f28794821e116aacb298ee pred='D' gold='A' (31.4s)
  [49/101] OK 66f28ede821e116aacb29a27 pred='B' gold='B' (42.0s)
  [50/101] x  66f2982b821e116aacb29c66 pred='D' gold='A' (43.0s)
  [51/101] x  66f299b3821e116aacb29cfa pred='A' gold='B' (51.5s)
  [52/101] OK 66f2a14b821e116aacb2a128 pred='C' gold='C' (40.3s)
  [53/101] x  66f2a255821e116aacb2a20b pred='C' gold='D' (46.4s)
  [54/101] OK 66f2a414821e116aacb2a3af pred='B' gold='B' (34.7s)
  [55/101] x  66f2a46d821e116aacb2a41a pred='C' gold='B' (95.9s)
  [56/101] OK 66f2a4e3821e116aacb2a49b pred='B' gold='B' (80.7s)
  [57/101] x  66f2a557821e116aacb2a510 pred='B' gold='C' (20.2s)
  [58/101] x  66f2a59d821e116aacb2a553 pred='C' gold='A' (135.3s)
  [59/101] OK 66f2a7a9821e116aacb2a721 pred='A' gold='A' (30.6s)
  [60/101] OK 66f2a80d821e116aacb2a760 pred='A' gold='A' (89.9s)
  [61/101] x  66f2a98a821e116aacb2a8bf pred='C' gold='B' (27.1s)
  [62/101] x  66f2aac2821e116aacb2a9de pred='C' gold='B' (37.5s)
  [63/101] x  66f2abc5821e116aacb2aab7 pred='A' gold='C' (40.5s)
  [64/101] x  66f2ad2b821e116aacb2ac0f pred='D' gold='A' (46.2s)
  [65/101] x  66f2ad89821e116aacb2ac92 pred='B' gold='D' (88.4s)
  [66/101] OK 66f2adaf821e116aacb2aca9 pred='B' gold='B' (24.3s)
  [67/101] x  66f2b11c821e116aacb2aeb6 pred='B' gold='A' (38.1s)
  [68/101] x  66f2b546821e116aacb2b152 pred='A' gold='C' (89.9s)
  [69/101] OK 66f2b5ec821e116aacb2b1ec pred='C' gold='C' (97.3s)
  [70/101] OK 66f2b676821e116aacb2b27a pred='B' gold='B' (33.5s)
  [71/101] x  66f2c44e821e116aacb2b826 pred='B' gold='C' (43.2s)
  [72/101] x  66f2cacb821e116aacb2ba50 pred='B' gold='C' (52.3s)
  [73/101] x  66f2cb0f821e116aacb2ba6d pred='D' gold='A' (46.9s)
  [74/101] x  66f2d224821e116aacb2bb8a pred='D' gold='C' (48.2s)
  [75/101] OK 66f2d553821e116aacb2bc8f pred='D' gold='D' (34.9s)
  [76/101] x  66f2e0bc821e116aacb2bf37 pred='B' gold='D' (37.0s)
  [77/101] OK 66f2e874821e116aacb2c0af pred='C' gold='C' (89.3s)
  [78/101] OK 66f2ef20821e116aacb2c278 pred='C' gold='C' (36.5s)
  [79/101] x  66f36490821e116aacb2cc22 pred='A' gold='D' (44.4s)
  [80/101] x  66f37635821e116aacb2d017 pred='C' gold='D' (72.9s)
  [81/101] OK 66f379e8821e116aacb2d161 pred='D' gold='D' (32.0s)
  [82/101] x  66f37eb9821e116aacb2d295 pred='D' gold='B' (85.7s)
  [83/101] x  66f38969821e116aacb2d6ec pred='B' gold='D' (61.3s)
  [84/101] x  66f3918f821e116aacb2d8b7 pred='C' gold='D' (42.9s)
  [85/101] OK 66f39aa7821e116aacb2da76 pred='B' gold='B' (33.4s)
  [86/101] x  66f39ac5821e116aacb2da81 pred='D' gold='B' (33.0s)
  [87/101] OK 66f3a311821e116aacb2de19 pred='B' gold='B' (40.2s)
  [88/101] x  66f3abe6821e116aacb2e1d2 pred='A' gold='C' (85.1s)
  [89/101] OK 66f3ac0b821e116aacb2e203 pred='D' gold='D' (122.9s)
  [90/101] OK 66f3ad93821e116aacb2e29f pred='C' gold='C' (91.5s)
  [91/101] x  66f3b843821e116aacb2e692 pred='A' gold='C' (18.5s)
  [92/101] OK 66f3c081821e116aacb2e9fa pred='D' gold='D' (16.4s)
  [93/101] OK 66f3c1ab821e116aacb2ead1 pred='D' gold='D' (87.7s)
  [94/101] x  66f3c1c3821e116aacb2eaf6 pred='B' gold='A' (67.0s)
  [95/101] OK 66f3c219821e116aacb2eb4e pred='C' gold='C' (25.6s)
  [96/101] x  66f3c5f2821e116aacb2eccf pred='B' gold='A' (50.0s)
  [97/101] OK 66f3c806821e116aacb2ed77 pred='C' gold='C' (60.8s)
  [98/101] x  66f3cb88821e116aacb2eeb9 pred='B' gold='D' (37.0s)
  [99/101] x  66f3cca6821e116aacb2ef7c pred='A' gold='B' (33.1s)
  [100/101] OK 66f3cfa5821e116aacb2f096 pred='D' gold='D' (22.2s)
  [101/101] OK 66f3d10b821e116aacb2f14f pred='D' gold='D' (64.0s)
Cell 1 (flat_raw): 39/101 correct (38.6%) -> results/flat_raw_500/shard1/results.jsonl
