Cell 1 (flat_raw): 101 examples; output -> results/flat_raw_500/shard0/results.jsonl
  [1/101] OK 66ead7bd5a08c7b9b35dca7a pred='D' gold='D' (99.7s)
  [2/101] OK 66eae4de5a08c7b9b35dd12d pred='C' gold='C' (24.7s)
  [3/101] x  66eb873c5a08c7b9b35dd849 pred='C' gold='B' (107.9s)
  [4/101] x  66ebb0e55a08c7b9b35ddd6a pred='B' gold='D' (100.8s)
  [5/101] x  66ebbe4f5a08c7b9b35de533 pred='A' gold='C' (102.1s)
  [6/101] x  66ebc04a5a08c7b9b35de740 pred='D' gold='B' (27.4s)
  [7/101] OK 66ebc0c95a08c7b9b35de7f3 pred='C' gold='C' (33.6s)
  [8/101] x  66ebc3165a08c7b9b35deb38 pred='C' gold='A' (34.8s)
  [9/101] x  66ebc4af5a08c7b9b35dede0 pred='B' gold='A' (52.5s)
  [10/101] OK 66ebc7445a08c7b9b35df155 pred='D' gold='D' (41.3s)
  [11/101] OK 66ebc95f5a08c7b9b35df497 pred='B' gold='B' (27.2s)
  [12/101] x  66ebca1e5a08c7b9b35df5e8 pred='D' gold='A' (33.0s)
  [13/101] x  66ebcc1e5a08c7b9b35df87d pred='A' gold='C' (62.5s)
  [14/101] x  66ebcc335a08c7b9b35df8b6 pred='C' gold='D' (23.8s)
  [15/101] OK 66ebce825a08c7b9b35dfc75 pred='C' gold='C' (82.8s)
  [16/101] OK 66ebd0825a08c7b9b35dfe9d pred='D' gold='D' (67.3s)
  [17/101] x  66ebd0ea5a08c7b9b35dff57 pred='C' gold='D' (64.4s)
  [18/101] x  66ebd22e5a08c7b9b35e0126 pred='A' gold='B' (93.8s)
  [19/101] x  66ebd2475a08c7b9b35e0155 pred='C' gold='D' (107.3s)
  [20/101] OK 66ebd2975a08c7b9b35e01e3 pred='C' gold='C' (24.7s)
  [21/101] x  66ebd3075a08c7b9b35e02bd pred='C' gold='B' (54.2s)
  [22/101] x  66ebd34d5a08c7b9b35e035d pred='D' gold='C' (47.0s)
  [23/101] x  66ebd3ba5a08c7b9b35e0446 pred='C' gold='A' (41.1s)
  [24/101] x  66ebd49a5a08c7b9b35e0550 pred='D' gold='B' (104.1s)
  [25/101] x  66ebd5125a08c7b9b35e0616 pred='B' gold='C' (25.2s)
  [26/101] x  66ebd55f5a08c7b9b35e0698 pred='B' gold='A' (12.5s)
  [27/101] x  66ebd5675a08c7b9b35e06bf pred='C' gold='B' (110.1s)
  [28/101] x  66ebd92d5a08c7b9b35e0bf0 pred='D' gold='B' (53.6s)
  [29/101] x  66ebd9895a08c7b9b35e0c7c pred='A' gold='C' (44.4s)
  [30/101] OK 66ebda775a08c7b9b35e0dcb pred='C' gold='C' (39.3s)
  [31/101] x  66ebdadd5a08c7b9b35e0e5b pred='D' gold='B' (109.1s)
  [32/101] x  66ebdd1c5a08c7b9b35e113b pred='A' gold='D' (58.1s)
  [33/101] OK 66ebde0f5a08c7b9b35e1256 pred='D' gold='D' (35.4s)
  [34/101] x  66ebdfb65a08c7b9b35e140a pred='B' gold='C' (37.6s)
  [35/101] OK 66ebe0fb5a08c7b9b35e14f5 pred='C' gold='C' (110.0s)
  [36/101] x  66ebe30a5a08c7b9b35e1693 pred='D' gold='C' (44.3s)
  [37/101] OK 66ebe68d5a08c7b9b35e190b pred='C' gold='C' (28.3s)
  [38/101] x  66ebeb5a5a08c7b9b35e1ba5 pred='B' gold='A' (45.5s)
  [39/101] x  66ebed525a08c7b9b35e1cb4 pred='D' gold='B' (29.1s)
  [40/101] x  66ebee0a5a08c7b9b35e1d05 pred='A' gold='D' (57.1s)
  [41/101] OK 66ebf9bf5a08c7b9b35e1f85 pred='D' gold='D' (54.1s)
  [42/101] OK 66ec052a5a08c7b9b35e29c7 pred='C' gold='C' (107.8s)
  [43/101] x  66ec0874821e116aacb194a4 pred='D' gold='B' (44.5s)
  [44/101] OK 66ec088c821e116aacb194d9 pred='D' gold='D' (16.4s)
  [45/101] OK 66ec09ec821e116aacb19620 pred='C' gold='C' (48.3s)
  [46/101] x  66ec0c4c821e116aacb1994a pred='A' gold='D' (40.0s)
  [47/101] x  66ec0d4b821e116aacb19af8 pred='C' gold='B' (60.6s)
  [48/101] x  66ec0d51821e116aacb19b0f pred='A' gold='D' (30.7s)
  [49/101] x  66ec0f3c821e116aacb19d70 pred='D' gold='A' (24.9s)
  [50/101] x  66ec0f7f821e116aacb19dde pred='A' gold='B' (40.4s)
  [51/101] OK 66ec1054821e116aacb19f1a pred='D' gold='D' (29.5s)
  [52/101] OK 66ec17e4821e116aacb1a6a7 pred='D' gold='D' (58.9s)
  [53/101] x  66ec18a7821e116aacb1a72e pred='A' gold='C' (97.3s)
  [54/101] x  66ec1aef821e116aacb1aa1a pred='D' gold='C' (48.2s)
  [55/101] x  66ec1db2821e116aacb1ad69 pred='B' gold='C' (49.1s)
  [56/101] OK 66ec1de5821e116aacb1adca pred='D' gold='D' (71.5s)
  [57/101] OK 66ec1e3f821e116aacb1ae7d pred='D' gold='D' (104.4s)
  [58/101] x  66ec1eb9821e116aacb1af36 pred='B' gold='C' (61.6s)
  [59/101] x  66ec21e6821e116aacb1b2d2 pred='C' gold='A' (28.5s)
  [60/101] x  66ec2374821e116aacb1b423 pred='C' gold='B' (26.6s)
  [61/101] x  66ec25a5821e116aacb1b5d1 pred='A' gold='C' (109.6s)
  [62/101] OK 66ec2755821e116aacb1b6f2 pred='B' gold='B' (107.5s)
  [63/101] x  66ec2df6821e116aacb1bb7b pred='B' gold='C' (23.3s)
  [64/101] x  66ec2e2a821e116aacb1bb9f pred='C' gold='D' (22.6s)
  [65/101] x  66ec2fde821e116aacb1bd18 pred='C' gold='D' (66.4s)
  [66/101] OK 66ec31eb821e116aacb1bf28 pred='B' gold='B' (109.4s)
  [67/101] x  66ec332a821e116aacb1c042 pred='C' gold='B' (109.3s)
  [68/101] x  66ec3352821e116aacb1c085 pred='C' gold='B' (67.0s)
  [69/101] x  66ec356a821e116aacb1c22b pred='A' gold='C' (36.9s)
  [70/101] x  66ec3644821e116aacb1c312 pred='C' gold='D' (65.8s)
  [71/101] x  66ec3a46821e116aacb1c49f pred='C' gold='A' (59.1s)
  [72/101] OK 66ec3aff821e116aacb1c52e pred='D' gold='D' (91.8s)
  [73/101] OK 66ec3d1d821e116aacb1c622 pred='B' gold='B' (106.6s)
  [74/101] x  66ec3fa7821e116aacb1c75d pred='D' gold='B' (29.0s)
  [75/101] OK 66ec41d3821e116aacb1c874 pred='D' gold='D' (106.0s)
  [76/101] x  66ec4370821e116aacb1c905 pred='D' gold='A' (92.8s)
  [77/101] x  66ec48f2821e116aacb1ca3f pred='C' gold='D' (32.5s)
  [78/101] x  66ec4e43821e116aacb1cb54 pred='D' gold='A' (116.0s)
  [79/101] x  66ec542b821e116aacb1cc87 pred='A' gold='D' (31.4s)
  [80/101] OK 66ec56dd821e116aacb1cd0e pred='C' gold='C' (35.8s)
  [81/101] x  66ec5af0821e116aacb1ce41 pred='D' gold='C' (34.0s)
  [82/101] OK 66ec5e39821e116aacb1cee1 pred='C' gold='C' (82.1s)
  [83/101] x  66ec6582821e116aacb1cf7a pred='A' gold='B' (62.7s)
  [84/101] x  66ec7ba6821e116aacb1d114 pred='A' gold='C' (34.9s)
  [85/101] OK 66ece28e821e116aacb1db1f pred='D' gold='D' (40.6s)
  [86/101] OK 66ece358821e116aacb1dc08 pred='C' gold='C' (32.2s)
  [87/101] x  66ece545821e116aacb1dd77 pred='C' gold='A' (114.2s)
  [88/101] OK 66ece958821e116aacb1df04 pred='B' gold='B' (31.4s)
  [89/101] OK 66ecf139821e116aacb1e0e1 pred='C' gold='C' (81.3s)
  [90/101] x  66ecfdbd821e116aacb1e3f7 pred='D' gold='C' (18.3s)
  [91/101] x  66ecfe1e821e116aacb1e41c pred='D' gold='C' (35.9s)
  [92/101] x  66ed0cb0821e116aacb1e6c1 pred='B' gold='A' (83.3s)
  [93/101] x  66ed1556821e116aacb1ea14 pred='C' gold='A' (113.7s)
  [94/101] OK 66ed168b821e116aacb1ea8c pred='C' gold='C' (33.8s)
  [95/101] x  66ed1734821e116aacb1ead5 pred='B' gold='A' (43.3s)
  [96/101] x  66ed211f821e116aacb1ee0d pred='B' gold='C' (103.3s)
  [97/101] x  66ed23ce821e116aacb1ee84 pred='B' gold='A' (100.5s)
  [98/101] OK 66ed24c5821e116aacb1eee6 pred='B' gold='B' (39.0s)
  [99/101] x  66ed2c87821e116aacb1f149 pred='D' gold='A' (49.5s)
  [100/101] x  66ed3148821e116aacb1f2ce pred='C' gold='B' (41.0s)
  [101/101] OK 66ed364d821e116aacb1f47e pred='D' gold='D' (45.6s)
Cell 1 (flat_raw): 34/101 correct (33.7%) -> results/flat_raw_500/shard0/results.jsonl
