Cell 1 (flat_raw): 101 examples; output -> results/flat_raw_500/shard3/results.jsonl
  [1/101] x  66fa36c9bb02136c067c6517 pred='D' gold='C' (45.5s)
  [2/101] x  66fa3843bb02136c067c655d pred='B' gold='D' (95.8s)
  [3/101] OK 66fa415cbb02136c067c671c pred='C' gold='C' (40.0s)
  [4/101] x  66fa50acbb02136c067c6827 pred='C' gold='B' (64.0s)
  [5/101] x  66fa542bbb02136c067c686d pred='B' gold='A' (59.8s)
  [6/101] x  66fa5fbcbb02136c067c6959 pred='D' gold='B' (61.2s)
  [7/101] x  66fa6702bb02136c067c6abb pred='A' gold='B' (73.0s)
  [8/101] x  66fa6867bb02136c067c6b3b pred='C' gold='D' (28.0s)
  [9/101] x  66fa69a4bb02136c067c6b75 pred='B' gold='D' (37.7s)
  [10/101] x  66fa700bbb02136c067c6c06 pred='A' gold='C' (33.7s)
  [11/101] x  66fa7269bb02136c067c6c73 pred='C' gold='B' (50.0s)
  [12/101] x  66fa788abb02136c067c6d75 pred='B' gold='D' (27.2s)
  [13/101] x  66fa7c81bb02136c067c6e09 pred='C' gold='B' (63.6s)
  [14/101] x  66fa7f1dbb02136c067c6e6b pred='C' gold='D' (106.5s)
  [15/101] OK 66fa8ccdbb02136c067c6fa7 pred='B' gold='B' (80.5s)
  [16/101] x  66fa9ff6bb02136c067c71e0 pred='B' gold='D' (27.9s)
  [17/101] x  66faa0f5bb02136c067c722c pred='C' gold='A' (109.7s)
  [18/101] x  66faa8efbb02136c067c7357 pred='B' gold='C' (47.2s)
  [19/101] x  66faac15bb02136c067c73f3 pred='A' gold='C' (62.5s)
  [20/101] x  66faafd9bb02136c067c74a8 pred='C' gold='B' (28.8s)
  [21/101] x  66fab090bb02136c067c74e7 pred='D' gold='B' (111.5s)
  [22/101] x  66fab4bfbb02136c067c754c pred='B' gold='C' (33.1s)
  [23/101] x  66fad00bbb02136c067c76ce pred='D' gold='C' (27.1s)
  [24/101] OK 66fb5f73bb02136c067c7ae7 pred='D' gold='D' (99.7s)
  [25/101] x  66fb6527bb02136c067c7b4f pred='D' gold='B' (32.2s)
  [26/101] x  66fb6d71bb02136c067c7c34 pred='C' gold='B' (45.0s)
  [27/101] x  66fb75adbb02136c067c7d73 pred='B' gold='C' (57.7s)
  [28/101] x  66fb77e7bb02136c067c7db1 pred='B' gold='C' (88.7s)
  [29/101] x  66fb8633bb02136c067c800b pred='C' gold='A' (30.4s)
  [30/101] x  66fba2bcbb02136c067c8112 pred='C' gold='D' (80.7s)
  [31/101] OK 66fbab85bb02136c067c81dc pred='C' gold='C' (96.2s)
  [32/101] x  66fbe00fbb02136c067c84c8 pred='A' gold='C' (27.1s)
  [33/101] x  66fc0152bb02136c067c8826 pred='D' gold='A' (106.5s)
  [34/101] OK 66fc05b6bb02136c067c88e4 pred='A' gold='A' (45.0s)
  [35/101] x  66fcf2f2bb02136c067c9169 pred='C' gold='B' (81.9s)
  [36/101] x  66fcf36fbb02136c067c919e pred='B' gold='D' (107.5s)
  [37/101] x  66fcf53fbb02136c067c91e7 pred='B' gold='A' (41.9s)
  [38/101] OK 66fcf725bb02136c067c924a pred='B' gold='B' (32.4s)
  [39/101] OK 66fcf80dbb02136c067c928e pred='B' gold='B' (50.6s)
  [40/101] x  66fcf8dfbb02136c067c92cc pred='B' gold='C' (66.5s)
  [41/101] OK 66fcfa1cbb02136c067c932e pred='D' gold='D' (73.7s)
  [42/101] x  66fcfb1cbb02136c067c938b pred='C' gold='A' (27.8s)
  [43/101] x  66fcfb5fbb02136c067c93ae pred='A' gold='D' (53.0s)
  [44/101] OK 66fcfbbcbb02136c067c93d3 pred='B' gold='B' (56.4s)
  [45/101] x  66fcfc9fbb02136c067c9411 pred='D' gold='C' (40.0s)
  [46/101] x  66fcfd6fbb02136c067c9454 pred='C' gold='D' (51.3s)
  [47/101] OK 66fcffd9bb02136c067c94c5 pred='D' gold='D' (23.4s)
  [48/101] x  66fd4f54bb02136c067c9987 pred='D' gold='B' (32.4s)
  [49/101] x  66fe81dcbb02136c067ca2de pred='A' gold='C' (39.8s)
  [50/101] x  66fe8eb3bb02136c067ca35f pred='B' gold='D' (24.6s)
  [51/101] x  66fea153bb02136c067ca3e7 pred='B' gold='D' (37.3s)
  [52/101] OK 67009bd8bb02136c067caba9 pred='B' gold='B' (45.7s)
  [53/101] OK 6700d19dbb02136c067cb024 pred='C' gold='C' (64.2s)
  [54/101] x  6700eb6ebb02136c067cb152 pred='B' gold='D' (29.0s)
  [55/101] x  6701cda0bb02136c067cb6eb pred='C' gold='A' (27.1s)
  [56/101] x  6703933bbb02136c067ccd78 pred='A' gold='B' (108.2s)
  [57/101] OK 670397b5bb02136c067ccec6 pred='B' gold='B' (70.5s)
  [58/101] x  67039cfabb02136c067cd04e pred='A' gold='C' (91.8s)
  [59/101] x  6703a0ecbb02136c067cd11b pred='D' gold='A' (64.2s)
  [60/101] x  6703bed0bb02136c067cd381 pred='D' gold='B' (38.5s)
  [61/101] x  6703f57bbb02136c067cd714 pred='B' gold='D' (86.1s)
  [62/101] x  6703f73cbb02136c067cd74a pred='A' gold='B' (44.5s)
  [63/101] x  6703fc69bb02136c067cd7c2 pred='D' gold='A' (42.1s)
  [64/101] OK 67040276bb02136c067cd8ae pred='B' gold='B' (64.4s)
  [65/101] x  67040983bb02136c067cd996 pred='B' gold='A' (62.7s)
  [66/101] x  67041f08bb02136c067cdb52 pred='D' gold='C' (32.4s)
  [67/101] OK 670493d4bb02136c067cdcd9 pred='B' gold='B' (63.6s)
  [68/101] x  6704a442bb02136c067cdd91 pred='B' gold='C' (46.9s)
  [69/101] x  6704a83dbb02136c067cde1b pred='C' gold='B' (41.7s)
  [70/101] x  6704e10fbb02136c067ce1a0 pred='C' gold='B' (39.4s)
  [71/101] x  6704fe26bb02136c067ce670 pred='D' gold='C' (101.6s)
  [72/101] x  67062a63bb02136c067cf5ac pred='B' gold='C' (69.9s)
  [73/101] OK 67062fbfbb02136c067cf66a pred='D' gold='D' (36.4s)
  [74/101] x  670646aebb02136c067cf85a pred='D' gold='B' (40.9s)
  [75/101] x  67066b87bb02136c067cfaa3 pred='D' gold='B' (72.6s)
  [76/101] x  670765abbb02136c067d06b4 pred='D' gold='B' (105.4s)
  [77/101] OK 67078ecabb02136c067d0b89 pred='B' gold='B' (35.0s)
  [78/101] x  6707b3cabb02136c067d1021 pred='D' gold='A' (41.0s)
  [79/101] x  6707b84cbb02136c067d10a5 pred='B' gold='A' (63.4s)
  [80/101] x  6707f349bb02136c067d13b9 pred='A' gold='C' (108.4s)
  [81/101] OK 6708a096bb02136c067d1789 pred='D' gold='D' (108.4s)
  [82/101] OK 6708ae87bb02136c067d1847 pred='C' gold='C' (68.4s)
  [83/101] x  67095b87bb02136c067d1bad pred='C' gold='D' (98.5s)
  [84/101] OK 6709d44abb02136c067d1d5d pred='B' gold='B' (25.6s)
  [85/101] OK 670aac92bb02136c067d218a pred='D' gold='D' (39.3s)
  [86/101] x  670bf1c4bb02136c067d2341 pred='C' gold='B' (91.3s)
  [87/101] OK 670bf6ddbb02136c067d2379 pred='C' gold='C' (68.0s)
  [88/101] x  670bffa2bb02136c067d23b5 pred='C' gold='A' (53.6s)
  [89/101] OK 670c090bbb02136c067d2404 pred='C' gold='C' (72.6s)
  [90/101] OK 670cb73fbb02136c067d2502 pred='C' gold='C' (77.4s)
  [91/101] OK 670cf163bb02136c067d26b6 pred='D' gold='D' (32.2s)
  [92/101] x  670cf1c0bb02136c067d26e5 pred='B' gold='A' (101.8s)
  [93/101] x  670cf52abb02136c067d2728 pred='C' gold='A' (99.2s)
  [94/101] x  670fb637bb02136c067d2b65 pred='D' gold='B' (97.8s)
  [95/101] x  670fb6a3bb02136c067d2b94 pred='D' gold='A' (83.1s)
  [96/101] x  670fb813bb02136c067d2bec pred='C' gold='D' (25.9s)
  [97/101] x  670fb882bb02136c067d2c1d pred='B' gold='C' (94.6s)
  [98/101] x  670fb8dfbb02136c067d2c48 pred='A' gold='D' (20.6s)
  [99/101] x  670fbae0bb02136c067d2c79 pred='B' gold='A' (52.8s)
  [100/101] x  670fbb1fbb02136c067d2ca4 pred='B' gold='A' (44.2s)
  [101/101] x  670fbb78bb02136c067d2cd3 pred='A' gold='B' (94.1s)
Cell 1 (flat_raw): 25/101 correct (24.8%) -> results/flat_raw_500/shard3/results.jsonl
