Cell 1 (flat_raw): 101 examples; output -> results/flat_raw_500/shard2/results.jsonl
  [1/101] x  66f3d2fc821e116aacb2f269 pred='D' gold='B' (35.2s)
  [2/101] x  66f3d738821e116aacb2f446 pred='B' gold='D' (53.7s)
  [3/101] x  66f3dd59821e116aacb2f6ba pred='B' gold='C' (25.4s)
  [4/101] x  66f3de02821e116aacb2f73b pred='A' gold='D' (19.4s)
  [5/101] x  66f3df1e821e116aacb2f7be pred='B' gold='A' (50.6s)
  [6/101] OK 66f3e318821e116aacb2f9d1 pred='B' gold='B' (56.9s)
  [7/101] x  66f3e473821e116aacb2fa73 pred='C' gold='B' (19.2s)
  [8/101] OK 66f3e58c821e116aacb2fabc pred='B' gold='B' (73.7s)
  [9/101] x  66f3e604821e116aacb2fadf pred='B' gold='D' (53.7s)
  [10/101] OK 66f3edfb821e116aacb2fc91 pred='C' gold='C' (72.9s)
  [11/101] x  66f3f095821e116aacb2fd28 pred='D' gold='C' (89.3s)
  [12/101] x  66f3f1a5821e116aacb2fdc7 pred='A' gold='D' (100.9s)
  [13/101] x  66f3f46f821e116aacb2ff5d pred='D' gold='B' (34.8s)
  [14/101] OK 66f3f947821e116aacb3029b pred='B' gold='B' (47.6s)
  [15/101] x  66f3fb15821e116aacb303dc pred='B' gold='D' (92.3s)
  [16/101] x  66f3fb96821e116aacb3043f pred='C' gold='A' (104.9s)
  [17/101] x  66f3fd3a821e116aacb30533 pred='D' gold='B' (21.4s)
  [18/101] x  66f40501821e116aacb307e8 pred='A' gold='B' (20.5s)
  [19/101] x  66f40b9c821e116aacb30a99 pred='A' gold='C' (39.0s)
  [20/101] x  66f40c5e821e116aacb30ad2 pred='C' gold='A' (43.4s)
  [21/101] x  66f40e44821e116aacb30b45 pred='A' gold='C' (57.0s)
  [22/101] x  66f41108821e116aacb30c41 pred='B' gold='D' (89.9s)
  [23/101] x  66f41348821e116aacb30c89 pred='B' gold='D' (47.9s)
  [24/101] x  66f41e45821e116aacb30ec3 pred='D' gold='C' (31.8s)
  [25/101] x  66f43414821e116aacb310a1 pred='A' gold='D' (52.2s)
  [26/101] x  66f4cd2c821e116aacb316ef pred='B' gold='D' (71.1s)
  [27/101] OK 66f4ce9e821e116aacb31731 pred='B' gold='B' (34.0s)
  [28/101] OK 66f4eff3821e116aacb31bc8 pred='A' gold='A' (88.8s)
  [29/101] x  66f4f87b821e116aacb31d62 pred='B' gold='A' (47.9s)
  [30/101] x  66f50109821e116aacb31f16 pred='C' gold='B' (25.3s)
  [31/101] x  66f519a6821e116aacb32579 pred='C' gold='D' (42.5s)
  [32/101] OK 66f51ab2821e116aacb325fb pred='C' gold='C' (24.8s)
  [33/101] OK 66f52567821e116aacb329bc pred='C' gold='C' (46.8s)
  [34/101] OK 66f52926821e116aacb32b5e pred='C' gold='C' (31.2s)
  [35/101] x  66f52c6d821e116aacb32cb0 pred='C' gold='A' (45.2s)
  [36/101] x  66f52d48821e116aacb32cf4 pred='C' gold='A' (53.2s)
  [37/101] x  66f52f0f821e116aacb32ddb pred='D' gold='A' (98.4s)
  [38/101] x  66f530ce821e116aacb32f09 pred='D' gold='C' (42.5s)
  [39/101] x  66f535c5821e116aacb33168 pred='C' gold='B' (31.7s)
  [40/101] OK 66f53892821e116aacb33225 pred='B' gold='B' (27.8s)
  [41/101] x  66f53ab2821e116aacb33299 pred='C' gold='A' (40.8s)
  [42/101] OK 66f53b9b821e116aacb332fc pred='A' gold='A' (68.7s)
  [43/101] OK 66f53f2b821e116aacb3335a pred='C' gold='C' (34.8s)
  [44/101] x  66f55729821e116aacb3358b pred='D' gold='C' (91.2s)
  [45/101] x  66f55828821e116aacb3363e pred='C' gold='D' (46.3s)
  [46/101] OK 66f55d66821e116aacb33734 pred='D' gold='D' (25.1s)
  [47/101] x  66f55ddb821e116aacb33761 pred='A' gold='D' (101.1s)
  [48/101] x  66f5605a821e116aacb3381f pred='C' gold='D' (25.5s)
  [49/101] OK 66f56630821e116aacb3392b pred='D' gold='D' (33.5s)
  [50/101] x  66f568dc821e116aacb33995 pred='D' gold='B' (47.7s)
  [51/101] x  66f56c9c821e116aacb33a45 pred='B' gold='C' (51.0s)
  [52/101] x  66f57379821e116aacb33b7a pred='B' gold='D' (92.9s)
  [53/101] x  66f578fa821e116aacb33c58 pred='C' gold='D' (50.9s)
  [54/101] OK 66f58d6c821e116aacb33e76 pred='C' gold='C' (57.0s)
  [55/101] x  66f590fa821e116aacb33f35 pred='B' gold='C' (69.3s)
  [56/101] x  66f599ef821e116aacb34099 pred='D' gold='B' (43.9s)
  [57/101] x  66f59d31821e116aacb340f6 pred='A' gold='D' (47.5s)
  [58/101] x  66f618f1bb02136c067c16f9 pred='B' gold='D' (25.1s)
  [59/101] x  66f61d7dbb02136c067c1802 pred='B' gold='D' (65.0s)
  [60/101] x  66f659a8bb02136c067c1d68 pred='D' gold='A' (52.2s)
  [61/101] x  66f67c18bb02136c067c21b8 pred='A' gold='C' (86.8s)
  [62/101] x  66f67c1bbb02136c067c21b9 pred='B' gold='D' (31.7s)
  [63/101] OK 66f68b33bb02136c067c2303 pred='D' gold='D' (37.8s)
  [64/101] OK 66f6909bbb02136c067c2380 pred='B' gold='B' (94.8s)
  [65/101] x  66f6a14dbb02136c067c2453 pred='A' gold='D' (62.3s)
  [66/101] x  66f6b623bb02136c067c2646 pred='C' gold='A' (53.0s)
  [67/101] x  66f6bcf3bb02136c067c2703 pred='D' gold='A' (28.1s)
  [68/101] x  66f78ecfbb02136c067c2f12 pred='A' gold='B' (26.6s)
  [69/101] OK 66f793f4bb02136c067c306e pred='C' gold='C' (44.1s)
  [70/101] OK 66f7a96cbb02136c067c3255 pred='A' gold='A' (29.5s)
  [71/101] x  66f7aa19bb02136c067c327e pred='D' gold='C' (66.8s)
  [72/101] x  66f7c780bb02136c067c35e8 pred='A' gold='C' (70.9s)
  [73/101] x  66f7f382bb02136c067c3a6c pred='B' gold='C' (105.9s)
  [74/101] x  66f7f963bb02136c067c3be1 pred='B' gold='C' (106.7s)
  [75/101] x  66f8c6b4bb02136c067c4480 pred='B' gold='C' (91.6s)
  [76/101] x  66f8c783bb02136c067c44b8 pred='C' gold='B' (33.8s)
  [77/101] x  66f8c9febb02136c067c4511 pred='A' gold='C' (47.1s)
  [78/101] x  66f8d4b3bb02136c067c45c2 pred='D' gold='B' (26.7s)
  [79/101] x  66f8d84cbb02136c067c465f pred='B' gold='C' (46.5s)
  [80/101] x  66f908e3bb02136c067c4992 pred='B' gold='A' (81.5s)
  [81/101] x  66f91f2cbb02136c067c4b1e pred='D' gold='B' (45.1s)
  [82/101] x  66f920d8bb02136c067c4b81 pred='B' gold='C' (65.5s)
  [83/101] x  66f947abbb02136c067c4ea6 pred='D' gold='B' (27.7s)
  [84/101] x  66f94f9ebb02136c067c4fde pred='C' gold='D' (45.0s)
  [85/101] x  66f950acbb02136c067c5021 pred='B' gold='A' (42.0s)
  [86/101] x  66f95126bb02136c067c5070 pred='A' gold='C' (91.5s)
  [87/101] x  66f954a5bb02136c067c511a pred='A' gold='B' (46.6s)
  [88/101] x  66f957e2bb02136c067c51c8 pred='A' gold='D' (51.2s)
  [89/101] OK 66f958b3bb02136c067c5219 pred='C' gold='C' (33.5s)
  [90/101] OK 66f95c18bb02136c067c52e1 pred='B' gold='B' (45.1s)
  [91/101] x  66f95e11bb02136c067c5370 pred='D' gold='B' (107.2s)
  [92/101] x  66f96115bb02136c067c541c pred='B' gold='D' (34.0s)
  [93/101] x  66f9625fbb02136c067c5456 pred='C' gold='B' (25.2s)
  [94/101] x  66f97d7fbb02136c067c56b2 pred='C' gold='A' (62.5s)
  [95/101] OK 66f97dc3bb02136c067c56c8 pred='B' gold='B' (47.5s)
  [96/101] x  66fa0d88bb02136c067c5a8a pred='A' gold='C' (68.4s)
  [97/101] x  66fa190bbb02136c067c5d32 pred='D' gold='B' (49.4s)
  [98/101] OK 66fa1b54bb02136c067c5df7 pred='B' gold='B' (57.0s)
  [99/101] OK 66fa1e4cbb02136c067c5edf pred='A' gold='A' (23.7s)
  [100/101] OK 66fa208bbb02136c067c5fc1 pred='B' gold='B' (80.8s)
  [101/101] x  66fa2734bb02136c067c627a pred='B' gold='A' (37.4s)
Cell 1 (flat_raw): 25/101 correct (24.8%) -> results/flat_raw_500/shard2/results.jsonl
