Cell 4 (rlm_raw): 50 examples; output -> /home/aaronlee2207/NeuroSym-cells14-20260805/results/runs/cells123_exhaustive_ynez_20260805/cell4_rlm_raw/results.jsonl
  [1/50] x  66ebc4af5a08c7b9b35dede0 pred='B' gold='A' (49.3s)
  [2/50] x  66ebd55f5a08c7b9b35e0698 pred='B' gold='A' (67.2s)
  [3/50] x  66ebed525a08c7b9b35e1cb4 pred='D' gold='B' (69.7s)
  [4/50] OK 66ec0c4c821e116aacb1994a pred='D' gold='D' (108.7s)
  [5/50] x  66ec3fa7821e116aacb1c75d pred='D' gold='B' (44.6s)
  [6/50] OK 66ec56dd821e116aacb1cd0e pred='C' gold='C' (73.7s)
  [7/50] OK 66ecfe1e821e116aacb1e41c pred='C' gold='C' (66.9s)
  [8/50] OK 66ed3148821e116aacb1f2ce pred='B' gold='B' (113.2s)
  [9/50] x  66ed875e821e116aacb2023e pred='B' gold='A' (130.2s)
  [10/50] x  66ee4c55821e116aacb21596 pred='A' gold='D' (91.2s)
  [11/50] OK 66eefe85821e116aacb228dc pred='A' gold='A' (96.7s)
  [12/50] OK 66f167c3821e116aacb274f4 pred='C' gold='C' (130.7s)
  [13/50] x  66f2a414821e116aacb2a3af pred='C' gold='B' (102.7s)
  [14/50] OK 66f36490821e116aacb2cc22 pred='D' gold='D' (142.1s)
  [15/50] OK 66f39aa7821e116aacb2da76 pred='B' gold='B' (122.7s)
  [16/50] x  66f3c1ab821e116aacb2ead1 pred='B' gold='D' (197.5s)
  [17/50] x  66f3f46f821e116aacb2ff5d pred='C' gold='B' (178.3s)
  [18/50] x  66f40b9c821e116aacb30a99 pred='B' gold='C' (136.0s)
  [19/50] x  66f40e44821e116aacb30b45 pred='A' gold='C' (32.6s)
  [20/50] x  66f50109821e116aacb31f16 pred='C' gold='B' (20.1s)
  [21/50] x  66f599ef821e116aacb34099 pred='D' gold='B' (44.1s)
  [22/50] x  66f618f1bb02136c067c16f9 pred='B' gold='D' (86.9s)
  [23/50] OK 66f61d7dbb02136c067c1802 pred='D' gold='D' (125.4s)
  [24/50] x  66f659a8bb02136c067c1d68 pred='D' gold='A' (103.2s)
  [25/50] x  66f78ecfbb02136c067c2f12 pred='A' gold='B' (31.1s)
  [26/50] x  66f8c9febb02136c067c4511 pred='A' gold='C' (39.1s)
  [27/50] x  66f8d4b3bb02136c067c45c2 pred='A' gold='B' (73.2s)
  [28/50] x  66f920d8bb02136c067c4b81 pred='D' gold='C' (55.1s)
  [29/50] x  66f94f9ebb02136c067c4fde pred='A' gold='D' (92.4s)
  [30/50] x  66f958b3bb02136c067c5219 pred='D' gold='C' (219.8s)
  [31/50] OK 66fa208bbb02136c067c5fc1 pred='B' gold='B' (147.9s)
  [32/50] x  66fa3843bb02136c067c655d pred='B' gold='D' (161.3s)
  [33/50] x  66faafd9bb02136c067c74a8 pred='C' gold='B' (80.7s)
  [34/50] x  66fcf2f2bb02136c067c9169 pred='D' gold='B' (127.5s)
  [35/50] OK 66fcffd9bb02136c067c94c5 pred='D' gold='D' (17.6s)
  [36/50] OK 6703a0ecbb02136c067cd11b pred='A' gold='A' (291.9s)
  [37/50] OK 6704a83dbb02136c067cde1b pred='B' gold='B' (106.7s)
  [38/50] OK 670aac92bb02136c067d218a pred='D' gold='D' (74.8s)
  [39/50] OK 670cf1c0bb02136c067d26e5 pred='A' gold='A' (158.0s)
  [40/50] x  670fb813bb02136c067d2bec pred='C' gold='D' (28.6s)
  [41/50] x  6719bc01bb02136c067d43fa pred='' gold='D' (134.6s)
  [42/50] OK 671b3cabbb02136c067d5252 pred='B' gold='B' (168.3s)
  [43/50] x  67239fd9bb02136c067d6ff7 pred='D' gold='A' (53.6s)
  [44/50] x  6723a1ccbb02136c067d70b3 pred='B' gold='D' (225.8s)
  [45/50] OK 6724631ebb02136c067d7300 pred='D' gold='D' (238.3s)
  [46/50] x  6725d977bb02136c067d8373 pred='D' gold='A' (108.2s)
  [47/50] x  6725dc28bb02136c067d8555 pred='B' gold='D' (104.7s)
  [48/50] x  67285e1dbb02136c067d901b pred='B' gold='A' (161.8s)
  [49/50] x  67286634bb02136c067d91f0 pred='B' gold='D' (69.2s)
  [50/50] x  67286698bb02136c067d9223 pred='A' gold='C' (127.2s)
Cell 4 (rlm_raw): 17/50 correct (34.0%) -> /home/aaronlee2207/NeuroSym-cells14-20260805/results/runs/cells123_exhaustive_ynez_20260805/cell4_rlm_raw/results.jsonl
