Cell 1 (flat_raw): 50 examples; output -> results/runs/cells123_exhaustive_ynez_20260805/cell1_flat_raw/results.jsonl
  [1/50] x  66ebc4af5a08c7b9b35dede0 pred='B' gold='A' (16.1s)
  [2/50] x  66ebd55f5a08c7b9b35e0698 pred='B' gold='A' (4.0s)
  [3/50] x  66ebed525a08c7b9b35e1cb4 pred='D' gold='B' (8.6s)
  [4/50] x  66ec0c4c821e116aacb1994a pred='A' gold='D' (11.6s)
  [5/50] x  66ec3fa7821e116aacb1c75d pred='D' gold='B' (8.4s)
  [6/50] OK 66ec56dd821e116aacb1cd0e pred='C' gold='C' (10.6s)
  [7/50] x  66ecfe1e821e116aacb1e41c pred='D' gold='C' (10.6s)
  [8/50] x  66ed3148821e116aacb1f2ce pred='C' gold='B' (12.8s)
  [9/50] x  66ed875e821e116aacb2023e pred='B' gold='A' (18.4s)
  [10/50] x  66ee4c55821e116aacb21596 pred='A' gold='D' (11.5s)
  [11/50] OK 66eefe85821e116aacb228dc pred='A' gold='A' (34.0s)
  [12/50] x  66f167c3821e116aacb274f4 pred='B' gold='C' (18.9s)
  [13/50] OK 66f2a414821e116aacb2a3af pred='B' gold='B' (13.2s)
  [14/50] x  66f36490821e116aacb2cc22 pred='A' gold='D' (17.1s)
  [15/50] OK 66f39aa7821e116aacb2da76 pred='B' gold='B' (12.9s)
  [16/50] OK 66f3c1ab821e116aacb2ead1 pred='D' gold='D' (36.2s)
  [17/50] x  66f3f46f821e116aacb2ff5d pred='D' gold='B' (12.8s)
  [18/50] x  66f40b9c821e116aacb30a99 pred='A' gold='C' (14.7s)
  [19/50] x  66f40e44821e116aacb30b45 pred='A' gold='C' (21.6s)
  [20/50] x  66f50109821e116aacb31f16 pred='C' gold='B' (9.4s)
  [21/50] x  66f599ef821e116aacb34099 pred='D' gold='B' (17.5s)
  [22/50] x  66f618f1bb02136c067c16f9 pred='B' gold='D' (9.2s)
  [23/50] x  66f61d7dbb02136c067c1802 pred='B' gold='D' (24.0s)
  [24/50] x  66f659a8bb02136c067c1d68 pred='D' gold='A' (19.8s)
  [25/50] x  66f78ecfbb02136c067c2f12 pred='A' gold='B' (10.1s)
  [26/50] x  66f8c9febb02136c067c4511 pred='A' gold='C' (17.9s)
  [27/50] x  66f8d4b3bb02136c067c45c2 pred='D' gold='B' (9.9s)
  [28/50] x  66f920d8bb02136c067c4b81 pred='B' gold='C' (24.7s)
  [29/50] x  66f94f9ebb02136c067c4fde pred='C' gold='D' (17.4s)
  [30/50] OK 66f958b3bb02136c067c5219 pred='C' gold='C' (12.5s)
  [31/50] OK 66fa208bbb02136c067c5fc1 pred='B' gold='B' (33.0s)
  [32/50] x  66fa3843bb02136c067c655d pred='B' gold='D' (37.4s)
  [33/50] x  66faafd9bb02136c067c74a8 pred='C' gold='B' (8.9s)
  [34/50] x  66fcf2f2bb02136c067c9169 pred='C' gold='B' (26.9s)
  [35/50] x  66fcffd9bb02136c067c94c5 pred='B' gold='D' (19.3s)
  [36/50] x  6703a0ecbb02136c067cd11b pred='D' gold='A' (22.0s)
  [37/50] x  6704a83dbb02136c067cde1b pred='C' gold='B' (13.4s)
  [38/50] OK 670aac92bb02136c067d218a pred='D' gold='D' (12.7s)
  [39/50] x  670cf1c0bb02136c067d26e5 pred='B' gold='A' (34.8s)
  [40/50] x  670fb813bb02136c067d2bec pred='C' gold='D' (8.1s)
  [41/50] x  6719bc01bb02136c067d43fa pred='B' gold='D' (38.1s)
  [42/50] x  671b3cabbb02136c067d5252 pred='C' gold='B' (35.1s)
  [43/50] OK 67239fd9bb02136c067d6ff7 pred='A' gold='A' (39.0s)
  [44/50] OK 6723a1ccbb02136c067d70b3 pred='D' gold='D' (37.6s)
  [45/50] x  6724631ebb02136c067d7300 pred='A' gold='D' (35.8s)
  [46/50] x  6725d977bb02136c067d8373 pred='B' gold='A' (8.5s)
  [47/50] x  6725dc28bb02136c067d8555 pred='B' gold='D' (28.9s)
  [48/50] x  67285e1dbb02136c067d901b pred='B' gold='A' (28.1s)
  [49/50] x  67286634bb02136c067d91f0 pred='C' gold='D' (15.7s)
  [50/50] OK 67286698bb02136c067d9223 pred='C' gold='C' (17.6s)
Cell 1 (flat_raw): 11/50 correct (22.0%) -> results/runs/cells123_exhaustive_ynez_20260805/cell1_flat_raw/results.jsonl
CELL1_EXIT_
