Cell 8 (flat_dense): 99 examples; output -> results/flat_dense_500/shard4/results.jsonl
  [1/99] x  670fbbd0bb02136c067d2d04 pred='B' gold='D' (78.6s)
  [2/99] x  670fbd96bb02136c067d2d49 pred='B' gold='A' (36.9s)
  [3/99] x  670fbf5abb02136c067d2d9c pred='B' gold='A' (28.3s)
  [4/99] x  670fbfa4bb02136c067d2dcb pred='C' gold='A' (35.6s)
  [5/99] OK 6713066fbb02136c067d3214 pred='D' gold='D' (60.6s)
  [6/99] x  67189156bb02136c067d3b8d pred='A' gold='B' (39.3s)
  [7/99] x  6718a43fbb02136c067d3ca8 pred='A' gold='B' (83.6s)
  [8/99] OK 6719167dbb02136c067d4025 pred='A' gold='A' (40.7s)
  [9/99] x  67191791bb02136c067d406c pred='A' gold='C' (63.2s)
  [10/99] OK 6719185cbb02136c067d40ab pred='B' gold='B' (31.5s)
  [11/99] OK 67192057bb02136c067d41b4 pred='C' gold='C' (25.3s)
  [12/99] x  67192e81bb02136c067d427f pred='B' gold='A' (22.1s)
  [13/99] x  6719b96abb02136c067d4358 pred='D' gold='B' (80.7s)
  [14/99] x  6719b9f1bb02136c067d4389 pred='D' gold='A' (59.8s)
  [15/99] x  6719bc01bb02136c067d43fa pred='B' gold='D' (45.4s)
  [16/99] x  6719bce5bb02136c067d4447 pred='D' gold='C' (87.5s)
  [17/99] x  6719c1febb02136c067d44db pred='C' gold='D' (39.5s)
  [18/99] x  6719d65ebb02136c067d45dc pred='B' gold='C' (17.7s)
  [19/99] x  6719dc46bb02136c067d470b pred='C' gold='B' (25.0s)
  [20/99] x  6719ef50bb02136c067d4911 pred='A' gold='C' (38.3s)
  [21/99] x  671a4444bb02136c067d4a40 pred='D' gold='B' (30.7s)
  [22/99] x  671b080abb02136c067d4dde pred='A' gold='B' (82.6s)
  [23/99] x  671b08c8bb02136c067d4e19 pred='A' gold='C' (84.7s)
  [24/99] OK 671b1335bb02136c067d4e88 pred='C' gold='C' (89.1s)
  [25/99] x  671b13f5bb02136c067d4ee3 pred='D' gold='B' (90.7s)
  [26/99] x  671b1480bb02136c067d4f14 pred='D' gold='A' (86.2s)
  [27/99] x  671b170cbb02136c067d4f4a pred='A' gold='C' (86.5s)
  [28/99] OK 671b17d5bb02136c067d4f7d pred='D' gold='D' (101.9s)
  [29/99] OK 671b2822bb02136c067d5020 pred='D' gold='D' (26.2s)
  [30/99] x  671b2b57bb02136c067d508b pred='B' gold='D' (99.9s)
  [31/99] OK 671b2c05bb02136c067d50c8 pred='A' gold='A' (100.3s)
  [32/99] x  671b2c67bb02136c067d50f7 pred='B' gold='D' (100.4s)
  [33/99] x  671b2e2dbb02136c067d515b pred='A' gold='C' (27.1s)
  [34/99] x  671b3cabbb02136c067d5252 pred='D' gold='B' (62.6s)
  [35/99] x  671b3d1bbb02136c067d5283 pred='B' gold='C' (89.7s)
  [36/99] OK 671b3d9fbb02136c067d52b2 pred='D' gold='D' (87.9s)
  [37/99] OK 671b3e0cbb02136c067d52e5 pred='D' gold='D' (84.6s)
  [38/99] x  671b3fa1bb02136c067d5353 pred='B' gold='C' (82.7s)
  [39/99] x  671b530dbb02136c067d5454 pred='B' gold='D' (22.3s)
  [40/99] OK 671b56cfbb02136c067d54e9 pred='D' gold='D' (37.7s)
  [41/99] OK 671b58e8bb02136c067d5525 pred='B' gold='B' (63.9s)
  [42/99] OK 671b5d49bb02136c067d55fb pred='C' gold='C' (41.1s)
  [43/99] x  671b99e5bb02136c067d583d pred='A' gold='C' (27.1s)
  [44/99] x  67237d8ebb02136c067d6c06 pred='A' gold='C' (73.7s)
  [45/99] x  67239f49bb02136c067d6fc0 pred='D' gold='A' (84.3s)
  [46/99] OK 67239fd9bb02136c067d6ff7 pred='A' gold='A' (83.1s)
  [47/99] x  6723a0a7bb02136c067d7040 pred='D' gold='A' (85.2s)
  [48/99] OK 6723a1ccbb02136c067d70b3 pred='D' gold='D' (80.3s)
  [49/99] x  6723a63bbb02136c067d71a1 pred='B' gold='D' (91.6s)
  [50/99] OK 6723a770bb02136c067d7233 pred='D' gold='D' (91.0s)
  [51/99] x  6724631ebb02136c067d7300 pred='B' gold='D' (99.2s)
  [52/99] x  67246413bb02136c067d7374 pred='A' gold='C' (86.1s)
  [53/99] x  6724645dbb02136c067d73ad pred='D' gold='A' (86.8s)
  [54/99] OK 672464aebb02136c067d73e6 pred='D' gold='D' (91.1s)
  [55/99] x  67246500bb02136c067d7423 pred='A' gold='C' (93.6s)
  [56/99] x  672468b1bb02136c067d74bd pred='D' gold='B' (82.7s)
  [57/99] x  67246903bb02136c067d74f2 pred='D' gold='A' (81.8s)
  [58/99] x  6724694fbb02136c067d752b pred='D' gold='C' (79.5s)
  [59/99] x  6724699dbb02136c067d7564 pred='D' gold='C' (82.7s)
  [60/99] x  67246a00bb02136c067d759f pred='D' gold='B' (82.9s)
  [61/99] x  67246d0ebb02136c067d75f0 pred='A' gold='D' (93.6s)
  [62/99] OK 6724938fbb02136c067d7657 pred='A' gold='A' (21.5s)
  [63/99] x  672494e5bb02136c067d7697 pred='D' gold='C' (93.4s)
  [64/99] OK 67249705bb02136c067d76d1 pred='D' gold='D' (50.5s)
  [65/99] x  6724c1d4bb02136c067d77ec pred='B' gold='A' (91.2s)
  [66/99] x  6724c4aabb02136c067d78a6 pred='D' gold='B' (92.4s)
  [67/99] x  6724c5febb02136c067d78e7 pred='D' gold='A' (72.7s)
  [68/99] OK 6724c788bb02136c067d792d pred='B' gold='B' (96.9s)
  [69/99] x  6724c83fbb02136c067d7962 pred='C' gold='D' (57.8s)
  [70/99] x  6724cae7bb02136c067d79be pred='D' gold='B' (159.3s)
  [71/99] x  6725d7a9bb02136c067d822d pred='C' gold='A' (23.9s)
  [72/99] OK 6725d898bb02136c067d82d6 pred='B' gold='B' (55.2s)
  [73/99] x  6725d8dbbb02136c067d8309 pred='D' gold='C' (35.0s)
  [74/99] x  6725d92bbb02136c067d833c pred='B' gold='D' (51.1s)
  [75/99] x  6725d977bb02136c067d8373 pred='B' gold='A' (47.9s)
  [76/99] OK 6725da56bb02136c067d841b pred='D' gold='D' (71.1s)
  [77/99] x  6725dabfbb02136c067d8450 pred='B' gold='C' (30.9s)
  [78/99] x  6725db01bb02136c067d847f pred='D' gold='A' (25.9s)
  [79/99] OK 6725db46bb02136c067d84b4 pred='C' gold='C' (29.1s)
  [80/99] x  6725db8bbb02136c067d84eb pred='C' gold='B' (19.6s)
  [81/99] x  6725dbd1bb02136c067d8522 pred='C' gold='D' (31.1s)
  [82/99] OK 6725dc28bb02136c067d8555 pred='D' gold='D' (67.4s)
  [83/99] x  6725dc6abb02136c067d8586 pred='D' gold='C' (32.0s)
  [84/99] x  6725dcb2bb02136c067d85b7 pred='B' gold='A' (50.3s)
  [85/99] x  6725dd39bb02136c067d861b pred='C' gold='B' (56.4s)
  [86/99] OK 6725dda1bb02136c067d8654 pred='C' gold='C' (83.3s)
  [87/99] OK 6725e2febb02136c067d8717 pred='D' gold='D' (39.0s)
  [88/99] x  6725e351bb02136c067d8758 pred='D' gold='B' (82.0s)
  [89/99] x  6728586bbb02136c067d8f4f pred='D' gold='C' (92.5s)
  [90/99] x  67285e1dbb02136c067d901b pred='D' gold='A' (94.2s)
  [91/99] x  67285f8ebb02136c067d905d pred='A' gold='C' (43.3s)
  [92/99] x  67286036bb02136c067d9092 pred='A' gold='D' (32.5s)
  [93/99] OK 672861afbb02136c067d90d8 pred='C' gold='C' (33.3s)
  [94/99] OK 672864b4bb02136c067d916c pred='D' gold='D' (45.4s)
  [95/99] x  67286533bb02136c067d919f pred='B' gold='D' (30.4s)
  [96/99] x  67286634bb02136c067d91f0 pred='C' gold='D' (28.5s)
  [97/99] x  67286698bb02136c067d9223 pred='B' gold='C' (48.2s)
  [98/99] x  67286795bb02136c067d92ab pred='D' gold='C' (35.4s)
  [99/99] x  67286ab8bb02136c067d92e4 pred='D' gold='C' (80.7s)
Cell 8 (flat_dense): 28/99 correct (28.3%) -> results/flat_dense_500/shard4/results.jsonl
