Cell 9 (flat_hybrid_chunk): 99 examples; output -> results/flat_hybrid_chunk_500/shard4/results.jsonl
  [1/99] x  670fbbd0bb02136c067d2d04 pred='B' gold='D' (67.9s)
  [2/99] x  670fbd96bb02136c067d2d49 pred='B' gold='A' (36.1s)
  [3/99] x  670fbf5abb02136c067d2d9c pred='B' gold='A' (46.3s)
  [4/99] x  670fbfa4bb02136c067d2dcb pred='C' gold='A' (52.9s)
  [5/99] x  6713066fbb02136c067d3214 pred='C' gold='D' (90.7s)
  [6/99] x  67189156bb02136c067d3b8d pred='D' gold='B' (29.9s)
  [7/99] OK 6718a43fbb02136c067d3ca8 pred='B' gold='B' (41.4s)
  [8/99] OK 6719167dbb02136c067d4025 pred='A' gold='A' (62.6s)
  [9/99] OK 67191791bb02136c067d406c pred='C' gold='C' (19.4s)
  [10/99] OK 6719185cbb02136c067d40ab pred='B' gold='B' (23.7s)
  [11/99] OK 67192057bb02136c067d41b4 pred='C' gold='C' (15.5s)
  [12/99] x  67192e81bb02136c067d427f pred='B' gold='A' (21.8s)
  [13/99] x  6719b96abb02136c067d4358 pred='A' gold='B' (88.8s)
  [14/99] x  6719b9f1bb02136c067d4389 pred='D' gold='A' (71.2s)
  [15/99] x  6719bc01bb02136c067d43fa pred='A' gold='D' (85.5s)
  [16/99] x  6719bce5bb02136c067d4447 pred='D' gold='C' (90.2s)
  [17/99] x  6719c1febb02136c067d44db pred='B' gold='D' (50.8s)
  [18/99] x  6719d65ebb02136c067d45dc pred='B' gold='C' (19.0s)
  [19/99] x  6719dc46bb02136c067d470b pred='A' gold='B' (22.4s)
  [20/99] OK 6719ef50bb02136c067d4911 pred='C' gold='C' (24.1s)
  [21/99] OK 671a4444bb02136c067d4a40 pred='B' gold='B' (54.4s)
  [22/99] x  671b080abb02136c067d4dde pred='A' gold='B' (76.6s)
  [23/99] x  671b08c8bb02136c067d4e19 pred='D' gold='C' (89.2s)
  [24/99] x  671b1335bb02136c067d4e88 pred='A' gold='C' (87.6s)
  [25/99] x  671b13f5bb02136c067d4ee3 pred='A' gold='B' (89.1s)
  [26/99] x  671b1480bb02136c067d4f14 pred='D' gold='A' (86.5s)
  [27/99] x  671b170cbb02136c067d4f4a pred='D' gold='C' (92.0s)
  [28/99] x  671b17d5bb02136c067d4f7d pred='A' gold='D' (59.0s)
  [29/99] OK 671b2822bb02136c067d5020 pred='D' gold='D' (49.2s)
  [30/99] x  671b2b57bb02136c067d508b pred='A' gold='D' (100.4s)
  [31/99] x  671b2c05bb02136c067d50c8 pred='C' gold='A' (59.9s)
  [32/99] OK 671b2c67bb02136c067d50f7 pred='D' gold='D' (66.3s)
  [33/99] x  671b2e2dbb02136c067d515b pred='A' gold='C' (23.3s)
  [34/99] x  671b3cabbb02136c067d5252 pred='A' gold='B' (84.3s)
  [35/99] x  671b3d1bbb02136c067d5283 pred='D' gold='C' (88.0s)
  [36/99] x  671b3d9fbb02136c067d52b2 pred='B' gold='D' (70.9s)
  [37/99] x  671b3e0cbb02136c067d52e5 pred='A' gold='D' (61.0s)
  [38/99] x  671b3fa1bb02136c067d5353 pred='B' gold='C' (88.6s)
  [39/99] OK 671b530dbb02136c067d5454 pred='D' gold='D' (81.3s)
  [40/99] x  671b56cfbb02136c067d54e9 pred='B' gold='D' (86.9s)
  [41/99] x  671b58e8bb02136c067d5525 pred='C' gold='B' (46.3s)
  [42/99] OK 671b5d49bb02136c067d55fb pred='C' gold='C' (43.5s)
  [43/99] x  671b99e5bb02136c067d583d pred='B' gold='C' (23.5s)
  [44/99] x  67237d8ebb02136c067d6c06 pred='B' gold='C' (80.5s)
  [45/99] x  67239f49bb02136c067d6fc0 pred='C' gold='A' (84.1s)
  [46/99] x  67239fd9bb02136c067d6ff7 pred='D' gold='A' (95.1s)
  [47/99] x  6723a0a7bb02136c067d7040 pred='C' gold='A' (85.4s)
  [48/99] OK 6723a1ccbb02136c067d70b3 pred='D' gold='D' (53.0s)
  [49/99] OK 6723a63bbb02136c067d71a1 pred='D' gold='D' (84.5s)
  [50/99] OK 6723a770bb02136c067d7233 pred='D' gold='D' (83.3s)
  [51/99] OK 6724631ebb02136c067d7300 pred='D' gold='D' (97.8s)
  [52/99] x  67246413bb02136c067d7374 pred='D' gold='C' (95.1s)
  [53/99] x  6724645dbb02136c067d73ad pred='D' gold='A' (87.0s)
  [54/99] x  672464aebb02136c067d73e6 pred='B' gold='D' (87.7s)
  [55/99] x  67246500bb02136c067d7423 pred='D' gold='C' (81.8s)
  [56/99] x  672468b1bb02136c067d74bd pred='A' gold='B' (96.5s)
  [57/99] x  67246903bb02136c067d74f2 pred='D' gold='A' (80.7s)
  [58/99] x  6724694fbb02136c067d752b pred='B' gold='C' (33.4s)
  [59/99] x  6724699dbb02136c067d7564 pred='D' gold='C' (81.8s)
  [60/99] x  67246a00bb02136c067d759f pred='D' gold='B' (82.8s)
  [61/99] x  67246d0ebb02136c067d75f0 pred='A' gold='D' (90.9s)
  [62/99] OK 6724938fbb02136c067d7657 pred='A' gold='A' (22.7s)
  [63/99] x  672494e5bb02136c067d7697 pred='D' gold='C' (92.1s)
  [64/99] OK 67249705bb02136c067d76d1 pred='D' gold='D' (33.7s)
  [65/99] OK 6724c1d4bb02136c067d77ec pred='A' gold='A' (94.0s)
  [66/99] OK 6724c4aabb02136c067d78a6 pred='B' gold='B' (92.3s)
  [67/99] x  6724c5febb02136c067d78e7 pred='D' gold='A' (71.2s)
  [68/99] OK 6724c788bb02136c067d792d pred='B' gold='B' (29.3s)
  [69/99] x  6724c83fbb02136c067d7962 pred='B' gold='D' (92.6s)
  [70/99] x  6724cae7bb02136c067d79be pred='D' gold='B' (159.4s)
  [71/99] x  6725d7a9bb02136c067d822d pred='D' gold='A' (37.4s)
  [72/99] OK 6725d898bb02136c067d82d6 pred='B' gold='B' (19.3s)
  [73/99] x  6725d8dbbb02136c067d8309 pred='A' gold='C' (28.8s)
  [74/99] x  6725d92bbb02136c067d833c pred='C' gold='D' (79.0s)
  [75/99] OK 6725d977bb02136c067d8373 pred='A' gold='A' (34.3s)
  [76/99] OK 6725da56bb02136c067d841b pred='D' gold='D' (84.6s)
  [77/99] x  6725dabfbb02136c067d8450 pred='A' gold='C' (27.1s)
  [78/99] x  6725db01bb02136c067d847f pred='D' gold='A' (37.5s)
  [79/99] x  6725db46bb02136c067d84b4 pred='B' gold='C' (23.7s)
  [80/99] x  6725db8bbb02136c067d84eb pred='C' gold='B' (34.4s)
  [81/99] x  6725dbd1bb02136c067d8522 pred='C' gold='D' (39.3s)
  [82/99] x  6725dc28bb02136c067d8555 pred='C' gold='D' (34.7s)
  [83/99] x  6725dc6abb02136c067d8586 pred='D' gold='C' (54.5s)
  [84/99] x  6725dcb2bb02136c067d85b7 pred='B' gold='A' (46.6s)
  [85/99] x  6725dd39bb02136c067d861b pred='A' gold='B' (34.4s)
  [86/99] x  6725dda1bb02136c067d8654 pred='B' gold='C' (59.3s)
  [87/99] x  6725e2febb02136c067d8717 pred='A' gold='D' (79.8s)
  [88/99] x  6725e351bb02136c067d8758 pred='A' gold='B' (80.8s)
  [89/99] OK 6728586bbb02136c067d8f4f pred='C' gold='C' (38.7s)
  [90/99] OK 67285e1dbb02136c067d901b pred='A' gold='A' (85.2s)
  [91/99] x  67285f8ebb02136c067d905d pred='A' gold='C' (50.9s)
  [92/99] OK 67286036bb02136c067d9092 pred='D' gold='D' (93.7s)
  [93/99] OK 672861afbb02136c067d90d8 pred='C' gold='C' (38.7s)
  [94/99] x  672864b4bb02136c067d916c pred='A' gold='D' (47.0s)
  [95/99] x  67286533bb02136c067d919f pred='B' gold='D' (34.2s)
  [96/99] x  67286634bb02136c067d91f0 pred='C' gold='D' (42.7s)
  [97/99] x  67286698bb02136c067d9223 pred='D' gold='C' (84.5s)
  [98/99] x  67286795bb02136c067d92ab pred='A' gold='C' (37.0s)
  [99/99] x  67286ab8bb02136c067d92e4 pred='A' gold='C' (75.1s)
Cell 9 (flat_hybrid_chunk): 27/99 correct (27.3%) -> results/flat_hybrid_chunk_500/shard4/results.jsonl
