Cell 1 (flat_raw): 99 examples; output -> results/flat_raw_500/shard4/results.jsonl
  [1/99] x  670fbbd0bb02136c067d2d04 pred='B' gold='D' (20.1s)
  [2/99] OK 670fbd96bb02136c067d2d49 pred='A' gold='A' (17.8s)
  [3/99] x  670fbf5abb02136c067d2d9c pred='B' gold='A' (30.4s)
  [4/99] x  670fbfa4bb02136c067d2dcb pred='C' gold='A' (15.7s)
  [5/99] x  6713066fbb02136c067d3214 pred='C' gold='D' (46.5s)
  [6/99] OK 67189156bb02136c067d3b8d pred='B' gold='B' (71.7s)
  [7/99] x  6718a43fbb02136c067d3ca8 pred='D' gold='B' (71.6s)
  [8/99] x  6719167dbb02136c067d4025 pred='D' gold='A' (72.0s)
  [9/99] x  67191791bb02136c067d406c pred='B' gold='C' (54.3s)
  [10/99] x  6719185cbb02136c067d40ab pred='A' gold='B' (28.6s)
  [11/99] OK 67192057bb02136c067d41b4 pred='C' gold='C' (71.3s)
  [12/99] x  67192e81bb02136c067d427f pred='B' gold='A' (73.1s)
  [13/99] x  6719b96abb02136c067d4358 pred='C' gold='B' (73.8s)
  [14/99] x  6719b9f1bb02136c067d4389 pred='B' gold='A' (74.2s)
  [15/99] x  6719bc01bb02136c067d43fa pred='B' gold='D' (74.0s)
  [16/99] x  6719bce5bb02136c067d4447 pred='B' gold='C' (74.2s)
  [17/99] x  6719c1febb02136c067d44db pred='C' gold='D' (16.5s)
  [18/99] x  6719d65ebb02136c067d45dc pred='D' gold='C' (41.3s)
  [19/99] x  6719dc46bb02136c067d470b pred='A' gold='B' (35.3s)
  [20/99] OK 6719ef50bb02136c067d4911 pred='C' gold='C' (37.1s)
  [21/99] OK 671a4444bb02136c067d4a40 pred='B' gold='B' (19.4s)
  [22/99] x  671b080abb02136c067d4dde pred='A' gold='B' (34.4s)
  [23/99] x  671b08c8bb02136c067d4e19 pred='D' gold='C' (74.6s)
  [24/99] x  671b1335bb02136c067d4e88 pred='B' gold='C' (74.7s)
  [25/99] OK 671b13f5bb02136c067d4ee3 pred='B' gold='B' (72.0s)
  [26/99] OK 671b1480bb02136c067d4f14 pred='A' gold='A' (63.5s)
  [27/99] x  671b170cbb02136c067d4f4a pred='D' gold='C' (76.4s)
  [28/99] OK 671b17d5bb02136c067d4f7d pred='D' gold='D' (78.4s)
  [29/99] x  671b2822bb02136c067d5020 pred='B' gold='D' (46.4s)
  [30/99] x  671b2b57bb02136c067d508b pred='A' gold='D' (50.8s)
  [31/99] OK 671b2c05bb02136c067d50c8 pred='A' gold='A' (78.3s)
  [32/99] x  671b2c67bb02136c067d50f7 pred='B' gold='D' (78.4s)
  [33/99] OK 671b2e2dbb02136c067d515b pred='C' gold='C' (73.3s)
  [34/99] x  671b3cabbb02136c067d5252 pred='C' gold='B' (73.1s)
  [35/99] x  671b3d1bbb02136c067d5283 pred='D' gold='C' (73.5s)
  [36/99] x  671b3d9fbb02136c067d52b2 pred='B' gold='D' (73.6s)
  [37/99] x  671b3e0cbb02136c067d52e5 pred='A' gold='D' (72.9s)
  [38/99] x  671b3fa1bb02136c067d5353 pred='A' gold='C' (38.5s)
  [39/99] x  671b530dbb02136c067d5454 pred='B' gold='D' (24.4s)
  [40/99] x  671b56cfbb02136c067d54e9 pred='C' gold='D' (63.0s)
  [41/99] OK 671b58e8bb02136c067d5525 pred='B' gold='B' (23.3s)
  [42/99] OK 671b5d49bb02136c067d55fb pred='C' gold='C' (62.2s)
  [43/99] x  671b99e5bb02136c067d583d pred='A' gold='C' (28.2s)
  [44/99] OK 67237d8ebb02136c067d6c06 pred='C' gold='C' (40.3s)
  [45/99] x  67239f49bb02136c067d6fc0 pred='B' gold='A' (55.1s)
  [46/99] OK 67239fd9bb02136c067d6ff7 pred='A' gold='A' (74.5s)
  [47/99] x  6723a0a7bb02136c067d7040 pred='D' gold='A' (75.4s)
  [48/99] OK 6723a1ccbb02136c067d70b3 pred='D' gold='D' (76.0s)
  [49/99] OK 6723a63bbb02136c067d71a1 pred='D' gold='D' (74.0s)
  [50/99] OK 6723a770bb02136c067d7233 pred='D' gold='D' (73.4s)
  [51/99] x  6724631ebb02136c067d7300 pred='A' gold='D' (73.1s)
  [52/99] OK 67246413bb02136c067d7374 pred='C' gold='C' (75.2s)
  [53/99] x  6724645dbb02136c067d73ad pred='D' gold='A' (73.7s)
  [54/99] OK 672464aebb02136c067d73e6 pred='D' gold='D' (74.3s)
  [55/99] x  67246500bb02136c067d7423 pred='D' gold='C' (72.4s)
  [56/99] x  672468b1bb02136c067d74bd pred='A' gold='B' (73.0s)
  [57/99] x  67246903bb02136c067d74f2 pred='D' gold='A' (73.8s)
  [58/99] OK 6724694fbb02136c067d752b pred='C' gold='C' (73.7s)
  [59/99] x  6724699dbb02136c067d7564 pred='D' gold='C' (74.0s)
  [60/99] x  67246a00bb02136c067d759f pred='A' gold='B' (73.1s)
  [61/99] x  67246d0ebb02136c067d75f0 pred='B' gold='D' (74.5s)
  [62/99] x  6724938fbb02136c067d7657 pred='B' gold='A' (39.4s)
  [63/99] x  672494e5bb02136c067d7697 pred='D' gold='C' (77.6s)
  [64/99] x  67249705bb02136c067d76d1 pred='B' gold='D' (51.5s)
  [65/99] x  6724c1d4bb02136c067d77ec pred='B' gold='A' (67.3s)
  [66/99] x  6724c4aabb02136c067d78a6 pred='C' gold='B' (47.2s)
  [67/99] x  6724c5febb02136c067d78e7 pred='D' gold='A' (77.0s)
  [68/99] x  6724c788bb02136c067d792d pred='C' gold='B' (77.1s)
  [69/99] x  6724c83fbb02136c067d7962 pred='B' gold='D' (31.9s)
  [70/99] x  6724cae7bb02136c067d79be pred='D' gold='B' (77.0s)
  [71/99] x  6725d7a9bb02136c067d822d pred='B' gold='A' (44.5s)
  [72/99] OK 6725d898bb02136c067d82d6 pred='B' gold='B' (16.5s)
  [73/99] OK 6725d8dbbb02136c067d8309 pred='C' gold='C' (20.9s)
  [74/99] OK 6725d92bbb02136c067d833c pred='D' gold='D' (27.9s)
  [75/99] x  6725d977bb02136c067d8373 pred='B' gold='A' (15.5s)
  [76/99] x  6725da56bb02136c067d841b pred='A' gold='D' (46.3s)
  [77/99] x  6725dabfbb02136c067d8450 pred='A' gold='C' (10.1s)
  [78/99] x  6725db01bb02136c067d847f pred='C' gold='A' (28.9s)
  [79/99] x  6725db46bb02136c067d84b4 pred='D' gold='C' (12.3s)
  [80/99] x  6725db8bbb02136c067d84eb pred='A' gold='B' (29.6s)
  [81/99] OK 6725dbd1bb02136c067d8522 pred='D' gold='D' (12.7s)
  [82/99] x  6725dc28bb02136c067d8555 pred='B' gold='D' (55.4s)
  [83/99] x  6725dc6abb02136c067d8586 pred='B' gold='C' (34.0s)
  [84/99] x  6725dcb2bb02136c067d85b7 pred='B' gold='A' (25.3s)
  [85/99] x  6725dd39bb02136c067d861b pred='D' gold='B' (18.4s)
  [86/99] x  6725dda1bb02136c067d8654 pred='B' gold='C' (70.4s)
  [87/99] OK 6725e2febb02136c067d8717 pred='D' gold='D' (74.6s)
  [88/99] x  6725e351bb02136c067d8758 pred='D' gold='B' (72.3s)
  [89/99] OK 6728586bbb02136c067d8f4f pred='C' gold='C' (38.5s)
  [90/99] x  67285e1dbb02136c067d901b pred='D' gold='A' (41.3s)
  [91/99] x  67285f8ebb02136c067d905d pred='D' gold='C' (77.2s)
  [92/99] x  67286036bb02136c067d9092 pred='C' gold='D' (36.1s)
  [93/99] x  672861afbb02136c067d90d8 pred='A' gold='C' (77.5s)
  [94/99] x  672864b4bb02136c067d916c pred='C' gold='D' (22.9s)
  [95/99] x  67286533bb02136c067d919f pred='B' gold='D' (46.1s)
  [96/99] x  67286634bb02136c067d91f0 pred='B' gold='D' (34.2s)
  [97/99] OK 67286698bb02136c067d9223 pred='C' gold='C' (35.6s)
  [98/99] OK 67286795bb02136c067d92ab pred='C' gold='C' (18.3s)
  [99/99] OK 67286ab8bb02136c067d92e4 pred='C' gold='C' (74.6s)
Cell 1 (flat_raw): 29/99 correct (29.3%) -> results/flat_raw_500/shard4/results.jsonl
